#
# There is insufficient memory for the Java Runtime Environment to continue.
# Native memory allocation (malloc) failed to allocate 398336 bytes. Error detail: Chunk::new
# Possible reasons:
#   The system is out of physical RAM or swap space
#   This process is running with CompressedOops enabled, and the Java Heap may be blocking the growth of the native heap
# Possible solutions:
#   Reduce memory load on the system
#   Increase physical memory or swap space
#   Check if swap backing store is full
#   Decrease Java heap size (-Xmx/-Xms)
#   Decrease number of Java threads
#   Decrease Java thread stack sizes (-Xss)
#   Set larger code cache with -XX:ReservedCodeCacheSize=
#   JVM is running with Unscaled Compressed Oops mode in which the Java heap is
#     placed in the first 4GB address space. The Java Heap base address is the
#     maximum limit for the native heap growth. Please use -XX:HeapBaseMinAddress
#     to set the Java Heap base and to place the Java Heap above 4GB virtual address.
# This output file may be truncated or incomplete.
#
#  Out of Memory Error (arena.cpp:168), pid=3608, tid=20204
#
# JRE version: OpenJDK Runtime Environment Temurin-21.0.10+7 (21.0.10+7) (build 21.0.10+7-LTS)
# Java VM: OpenJDK 64-Bit Server VM Temurin-21.0.10+7 (21.0.10+7-LTS, mixed mode, sharing, tiered, compressed oops, compressed class ptrs, parallel gc, windows-amd64)
# No core dump will be written. Minidumps are not enabled by default on client versions of Windows
#

---------------  S U M M A R Y ------------

Command Line: --add-modules=ALL-SYSTEM --add-opens=java.base/java.util=ALL-UNNAMED --add-opens=java.base/java.lang=ALL-UNNAMED --add-opens=java.base/sun.nio.fs=ALL-UNNAMED -Declipse.application=org.eclipse.jdt.ls.core.id1 -Dosgi.bundles.defaultStartLevel=4 -Declipse.product=org.eclipse.jdt.ls.core.product -Djava.import.generatesMetadataFilesAtProjectRoot=false -DDetectVMInstallationsJob.disabled=true -Dfile.encoding=utf8 -XX:+UseParallelGC -XX:GCTimeRatio=4 -XX:AdaptiveSizePolicyWeight=90 -Dsun.zip.disableMemoryMapping=true -Xmx2G -Xms100m -Xlog:disable -javaagent:c:\Users\CEP-TARDA\.vscode\extensions\redhat.java-1.53.0-win32-x64\lombok\lombok-1.18.39-4050.jar c:\Users\CEP-TARDA\.vscode\extensions\redhat.java-1.53.0-win32-x64\server\plugins\org.eclipse.equinox.launcher_1.7.100.v20251111-0406.jar -configuration c:\Users\CEP-TARDA\AppData\Roaming\Code\User\globalStorage\redhat.java\1.53.0\config_ss_win -data c:\Users\CEP-TARDA\AppData\Roaming\Code\User\workspaceStorage\6fff6287125c81b6602d213a978b26a7\redhat.java\ss_ws --pipe=\\.\pipe\lsp-e96977eb5c2addda613c1f0a1486cfea-sock

Host: Intel(R) Core(TM) i5-10210U CPU @ 1.60GHz, 8 cores, 15G,  Windows 11 , 64 bit Build 26100 (10.0.26100.7705)
Time: Tue Mar 10 18:41:46 2026 Hora estándar romance elapsed time: 1.488286 seconds (0d 0h 0m 1s)

---------------  T H R E A D  ---------------

Current thread (0x0000026a20207950):  JavaThread "C2 CompilerThread0" daemon [_thread_in_native, id=20204, stack(0x000000b582000000,0x000000b582100000) (1024K)]


Current CompileTask:
C2:1488  526       4       lombok.launch.PackageShader::apply (252 bytes)

Stack: [0x000000b582000000,0x000000b582100000]
Native frames: (J=compiled Java code, j=interpreted, Vv=VM code, C=native code)
V  [jvm.dll+0x6d7a39]
V  [jvm.dll+0x8b4b26]
V  [jvm.dll+0x8b70de]
V  [jvm.dll+0x8b77c3]
V  [jvm.dll+0x284346]
V  [jvm.dll+0xc66ed]
V  [jvm.dll+0xc6c31]
V  [jvm.dll+0x2fb29e]
V  [jvm.dll+0x5fe884]
V  [jvm.dll+0x255b17]
V  [jvm.dll+0x255edd]
V  [jvm.dll+0x24e500]
V  [jvm.dll+0x24ba42]
V  [jvm.dll+0x1cb34e]
V  [jvm.dll+0x25b85d]
V  [jvm.dll+0x259dea]
V  [jvm.dll+0x3f857e]
V  [jvm.dll+0x85f59d]
V  [jvm.dll+0x6d626d]
C  [ucrtbase.dll+0x37b0]
C  [KERNEL32.DLL+0x2e8d7]
C  [ntdll.dll+0x8c40c]


---------------  P R O C E S S  ---------------

Threads class SMR info:
_java_thread_list=0x0000026a7988a640, length=12, elements={
0x0000026a2027d300, 0x0000026a20339810, 0x0000026a2033ce00, 0x0000026a201f6550,
0x0000026a201f8fc0, 0x0000026a201f9a20, 0x0000026a201fb940, 0x0000026a20207950,
0x0000026a79548120, 0x0000026a7972e370, 0x0000026a797a5170, 0x0000026a79790ef0
}

Java Threads: ( => current thread )
  0x0000026a2027d300 JavaThread "main"                              [_thread_blocked, id=8804, stack(0x000000b581600000,0x000000b581700000) (1024K)]
  0x0000026a20339810 JavaThread "Reference Handler"          daemon [_thread_blocked, id=23988, stack(0x000000b581a00000,0x000000b581b00000) (1024K)]
  0x0000026a2033ce00 JavaThread "Finalizer"                  daemon [_thread_blocked, id=21036, stack(0x000000b581b00000,0x000000b581c00000) (1024K)]
  0x0000026a201f6550 JavaThread "Signal Dispatcher"          daemon [_thread_blocked, id=9856, stack(0x000000b581c00000,0x000000b581d00000) (1024K)]
  0x0000026a201f8fc0 JavaThread "Attach Listener"            daemon [_thread_blocked, id=19420, stack(0x000000b581d00000,0x000000b581e00000) (1024K)]
  0x0000026a201f9a20 JavaThread "Service Thread"             daemon [_thread_blocked, id=10544, stack(0x000000b581e00000,0x000000b581f00000) (1024K)]
  0x0000026a201fb940 JavaThread "Monitor Deflation Thread"   daemon [_thread_blocked, id=22584, stack(0x000000b581f00000,0x000000b582000000) (1024K)]
=>0x0000026a20207950 JavaThread "C2 CompilerThread0"         daemon [_thread_in_native, id=20204, stack(0x000000b582000000,0x000000b582100000) (1024K)]
  0x0000026a79548120 JavaThread "C1 CompilerThread0"         daemon [_thread_blocked, id=14456, stack(0x000000b582100000,0x000000b582200000) (1024K)]
  0x0000026a7972e370 JavaThread "Common-Cleaner"             daemon [_thread_blocked, id=21724, stack(0x000000b582200000,0x000000b582300000) (1024K)]
  0x0000026a797a5170 JavaThread "C2 CompilerThread1"         daemon [_thread_in_native, id=9292, stack(0x000000b582300000,0x000000b582400000) (1024K)]
  0x0000026a79790ef0 JavaThread "Notification Thread"        daemon [_thread_blocked, id=19544, stack(0x000000b582400000,0x000000b582500000) (1024K)]
Total: 12

Other Threads:
  0x0000026a2031e7a0 VMThread "VM Thread"                           [id=3260, stack(0x000000b581900000,0x000000b581a00000) (1024K)]
  0x0000026a2010ca00 WatcherThread "VM Periodic Task Thread"        [id=10400, stack(0x000000b581800000,0x000000b581900000) (1024K)]
  0x0000026a2029cd20 WorkerThread "GC Thread#0"                     [id=20428, stack(0x000000b581700000,0x000000b581800000) (1024K)]
Total: 3

Threads with active compile tasks:
C2 CompilerThread0  1679  526       4       lombok.launch.PackageShader::apply (252 bytes)
C2 CompilerThread1  1679  613   !   4       java.lang.String::replace (258 bytes)
Total: 2

VM state: not at safepoint (normal execution)

VM Mutex/Monitor currently owned by a thread:  ([mutex/lock_event])
[0x00007ffdfd37d060] MethodCompileQueue_lock - owner thread: 0x0000026a797a5170
[0x00007ffdfd37e460] CodeCache_lock - owner thread: 0x0000026a797a5170
[0x00007ffdfd37e5e0] Compile_lock - owner thread: 0x0000000000000000

Heap address: 0x0000000080000000, size: 2048 MB, Compressed Oops mode: 32-bit

CDS archive(s) mapped at: [0x0000026a37000000-0x0000026a37ba0000-0x0000026a37ba0000), size 12189696, SharedBaseAddress: 0x0000026a37000000, ArchiveRelocationMode: 1.
Compressed class space mapped at: 0x0000026a38000000-0x0000026a78000000, reserved size: 1073741824
Narrow klass base: 0x0000026a37000000, Narrow klass shift: 0, Narrow klass range: 0x100000000

GC Precious Log:
 CardTable entry size: 512
 CPUs: 8 total, 8 available
 Memory: 16177M
 Large Page Support: Disabled
 NUMA Support: Disabled
 Compressed Oops: Enabled (32-bit)
 Alignments: Space 512K, Generation 512K, Heap 2M
 Heap Min Capacity: 100M
 Heap Initial Capacity: 100M
 Heap Max Capacity: 2G
 Pre-touch: Disabled
 Parallel Workers: 8

Heap:
 PSYoungGen      total 29696K, used 11866K [0x00000000d5580000, 0x00000000d7680000, 0x0000000100000000)
  eden space 25600K, 46% used [0x00000000d5580000,0x00000000d61169d8,0x00000000d6e80000)
  from space 4096K, 0% used [0x00000000d7280000,0x00000000d7280000,0x00000000d7680000)
  to   space 4096K, 0% used [0x00000000d6e80000,0x00000000d6e80000,0x00000000d7280000)
 ParOldGen       total 68608K, used 0K [0x0000000080000000, 0x0000000084300000, 0x00000000d5580000)
  object space 68608K, 0% used [0x0000000080000000,0x0000000080000000,0x0000000084300000)
 Metaspace       used 2026K, committed 2240K, reserved 1114112K
  class space    used 204K, committed 320K, reserved 1048576K

Card table byte_map: [0x0000026a1fc20000,0x0000026a20030000] _byte_map_base: 0x0000026a1f820000

Marking Bits: (ParMarkBitMap*) 0x00007ffdfd383450
 Begin Bits: [0x0000026a32730000, 0x0000026a34730000)
 End Bits:   [0x0000026a34730000, 0x0000026a36730000)

Polling page: 0x0000026a1e060000

Metaspace:

Usage:
  Non-class:      1.78 MB used.
      Class:    204.66 KB used.
       Both:      1.98 MB used.

Virtual space:
  Non-class space:       64.00 MB reserved,       1.88 MB (  3%) committed,  1 nodes.
      Class space:        1.00 GB reserved,     320.00 KB ( <1%) committed,  1 nodes.
             Both:        1.06 GB reserved,       2.19 MB ( <1%) committed. 

Chunk freelists:
   Non-Class:  11.65 MB
       Class:  15.67 MB
        Both:  27.32 MB

MaxMetaspaceSize: unlimited
CompressedClassSpaceSize: 1.00 GB
Initial GC threshold: 21.00 MB
Current GC threshold: 21.00 MB
CDS: on
 - commit_granule_bytes: 65536.
 - commit_granule_words: 8192.
 - virtual_space_node_default_size: 8388608.
 - enlarge_chunks_in_place: 1.
 - use_allocation_guard: 0.


Internal statistics:

num_allocs_failed_limit: 0.
num_arena_births: 80.
num_arena_deaths: 0.
num_vsnodes_births: 2.
num_vsnodes_deaths: 0.
num_space_committed: 35.
num_space_uncommitted: 0.
num_chunks_returned_to_freelist: 0.
num_chunks_taken_from_freelist: 102.
num_chunk_merges: 0.
num_chunk_splits: 72.
num_chunks_enlarged: 46.
num_inconsistent_stats: 0.

CodeHeap 'non-profiled nmethods': size=120000Kb used=226Kb max_used=226Kb free=119774Kb
 bounds [0x0000026a2af50000, 0x0000026a2b1c0000, 0x0000026a32480000]
CodeHeap 'profiled nmethods': size=120000Kb used=904Kb max_used=904Kb free=119096Kb
 bounds [0x0000026a23480000, 0x0000026a236f0000, 0x0000026a2a9b0000]
CodeHeap 'non-nmethods': size=5760Kb used=1171Kb max_used=1189Kb free=4588Kb
 bounds [0x0000026a2a9b0000, 0x0000026a2ac20000, 0x0000026a2af50000]
CodeCache: size=245760Kb, used=2301Kb, max_used=2319Kb, free=243458Kb
 total_blobs=1048, nmethods=622, adapters=333, full_count=0
Compilation: enabled, stopped_count=0, restarted_count=0

Compilation events (20 events):
Event: 1.443 Thread 0x0000026a79548120 nmethod 532 0x0000026a23534b90 code [0x0000026a23534d40, 0x0000026a23534f18]
Event: 1.444 Thread 0x0000026a79548120  533       3       lombok.patcher.Hook::toSpec (95 bytes)
Event: 1.445 Thread 0x0000026a79548120 nmethod 533 0x0000026a23535010 code [0x0000026a23535340, 0x0000026a23536308]
Event: 1.448 Thread 0x0000026a797a5170  534       4       java.lang.StringBuilder::append (8 bytes)
Event: 1.448 Thread 0x0000026a79548120  536       3       java.util.Collections::unmodifiableList (51 bytes)
Event: 1.448 Thread 0x0000026a79548120 nmethod 536 0x0000026a23536990 code [0x0000026a23536be0, 0x0000026a23537618]
Event: 1.449 Thread 0x0000026a79548120  537       3       java.util.Collections$UnmodifiableRandomAccessList::<init> (6 bytes)
Event: 1.449 Thread 0x0000026a79548120 nmethod 537 0x0000026a23537910 code [0x0000026a23537ae0, 0x0000026a23537e40]
Event: 1.449 Thread 0x0000026a79548120  538       3       java.util.ArrayList::get (15 bytes)
Event: 1.449 Thread 0x0000026a79548120 nmethod 538 0x0000026a23537f90 code [0x0000026a23538140, 0x0000026a23538398]
Event: 1.449 Thread 0x0000026a79548120  539       3       java.util.Objects::checkIndex (7 bytes)
Event: 1.449 Thread 0x0000026a79548120 nmethod 539 0x0000026a23538510 code [0x0000026a235386c0, 0x0000026a235387f8]
Event: 1.449 Thread 0x0000026a79548120  540       3       java.util.ArrayList::elementData (7 bytes)
Event: 1.450 Thread 0x0000026a79548120 nmethod 540 0x0000026a23538890 code [0x0000026a23538a40, 0x0000026a23538b78]
Event: 1.459 Thread 0x0000026a797a5170 nmethod 534 0x0000026a2af7cf10 code [0x0000026a2af7d0e0, 0x0000026a2af7d788]
Event: 1.459 Thread 0x0000026a797a5170  535       4       java.lang.AbstractStringBuilder::append (45 bytes)
Event: 1.466 Thread 0x0000026a79548120  541   !   3       java.lang.String::replace (258 bytes)
Event: 1.469 Thread 0x0000026a797a5170 nmethod 535 0x0000026a2af7db90 code [0x0000026a2af7dd60, 0x0000026a2af7e3f0]
Event: 1.471 Thread 0x0000026a79548120 nmethod 541 0x0000026a23538c90 code [0x0000026a23539160, 0x0000026a2353b3c0]
Event: 1.472 Thread 0x0000026a797a5170  542 %     4       java.lang.StringLatin1::replace @ 57 (198 bytes)

GC Heap History (0 events):
No events

Dll operation events (8 events):
Event: 0.209 Loaded shared library c:\Users\CEP-TARDA\.vscode\extensions\redhat.java-1.53.0-win32-x64\jre\21.0.10-win32-x86_64\bin\java.dll
Event: 0.679 Loaded shared library c:\Users\CEP-TARDA\.vscode\extensions\redhat.java-1.53.0-win32-x64\jre\21.0.10-win32-x86_64\bin\zip.dll
Event: 0.756 Loaded shared library C:\Users\CEP-TARDA\.vscode\extensions\redhat.java-1.53.0-win32-x64\jre\21.0.10-win32-x86_64\bin\instrument.dll
Event: 0.840 Loaded shared library C:\Users\CEP-TARDA\.vscode\extensions\redhat.java-1.53.0-win32-x64\jre\21.0.10-win32-x86_64\bin\net.dll
Event: 0.927 Loaded shared library C:\Users\CEP-TARDA\.vscode\extensions\redhat.java-1.53.0-win32-x64\jre\21.0.10-win32-x86_64\bin\nio.dll
Event: 0.937 Loaded shared library C:\Users\CEP-TARDA\.vscode\extensions\redhat.java-1.53.0-win32-x64\jre\21.0.10-win32-x86_64\bin\zip.dll
Event: 0.981 Loaded shared library C:\Users\CEP-TARDA\.vscode\extensions\redhat.java-1.53.0-win32-x64\jre\21.0.10-win32-x86_64\bin\jimage.dll
Event: 1.223 Loaded shared library c:\Users\CEP-TARDA\.vscode\extensions\redhat.java-1.53.0-win32-x64\jre\21.0.10-win32-x86_64\bin\verify.dll

Deoptimization events (20 events):
Event: 0.946 Thread 0x0000026a2027d300 Uncommon trap: trap_request=0xffffffde fr.pc=0x0000026a2af5dc44 relative=0x0000000000000804
Event: 0.946 Thread 0x0000026a2027d300 Uncommon trap: reason=class_check action=maybe_recompile pc=0x0000026a2af5dc44 method=java.util.HashMap.putVal(ILjava/lang/Object;Ljava/lang/Object;ZZ)Ljava/lang/Object; @ 152 c2
Event: 0.946 Thread 0x0000026a2027d300 DEOPT PACKING pc=0x0000026a2af5dc44 sp=0x000000b5816fe5f0
Event: 0.946 Thread 0x0000026a2027d300 DEOPT UNPACKING pc=0x0000026a2aa03aa2 sp=0x000000b5816fe550 mode 2
Event: 0.996 Thread 0x0000026a2027d300 DEOPT PACKING pc=0x0000026a234b6ec9 sp=0x000000b5816fe3d0
Event: 0.996 Thread 0x0000026a2027d300 DEOPT UNPACKING pc=0x0000026a2aa04242 sp=0x000000b5816fd858 mode 0
Event: 0.997 Thread 0x0000026a2027d300 DEOPT PACKING pc=0x0000026a234b6ec9 sp=0x000000b5816fe3d0
Event: 0.997 Thread 0x0000026a2027d300 DEOPT UNPACKING pc=0x0000026a2aa04242 sp=0x000000b5816fd858 mode 0
Event: 0.998 Thread 0x0000026a2027d300 DEOPT PACKING pc=0x0000026a234b6ec9 sp=0x000000b5816fe3d0
Event: 0.998 Thread 0x0000026a2027d300 DEOPT UNPACKING pc=0x0000026a2aa04242 sp=0x000000b5816fd858 mode 0
Event: 0.999 Thread 0x0000026a2027d300 DEOPT PACKING pc=0x0000026a234b6ec9 sp=0x000000b5816fe3d0
Event: 0.999 Thread 0x0000026a2027d300 DEOPT UNPACKING pc=0x0000026a2aa04242 sp=0x000000b5816fd858 mode 0
Event: 1.000 Thread 0x0000026a2027d300 DEOPT PACKING pc=0x0000026a234b6ec9 sp=0x000000b5816fe3d0
Event: 1.000 Thread 0x0000026a2027d300 DEOPT UNPACKING pc=0x0000026a2aa04242 sp=0x000000b5816fd858 mode 0
Event: 1.362 Thread 0x0000026a2027d300 Uncommon trap: trap_request=0xffffff45 fr.pc=0x0000026a2af72784 relative=0x0000000000000624
Event: 1.362 Thread 0x0000026a2027d300 Uncommon trap: reason=unstable_if action=reinterpret pc=0x0000026a2af72784 method=java.lang.String.<init>([CIILjava/lang/Void;)V @ 5 c2
Event: 1.362 Thread 0x0000026a2027d300 DEOPT PACKING pc=0x0000026a2af72784 sp=0x000000b5816fd600
Event: 1.362 Thread 0x0000026a2027d300 DEOPT UNPACKING pc=0x0000026a2aa03aa2 sp=0x000000b5816fd490 mode 2
Event: 1.439 Thread 0x0000026a2027d300 DEOPT PACKING pc=0x0000026a2351818d sp=0x000000b5816f9fb0
Event: 1.439 Thread 0x0000026a2027d300 DEOPT UNPACKING pc=0x0000026a2aa04242 sp=0x000000b5816f9460 mode 0

Classes loaded (20 events):
Event: 1.240 Loading class java/lang/IllegalStateException
Event: 1.240 Loading class java/lang/IllegalStateException done
Event: 1.247 Loading class java/lang/instrument/ClassFileTransformer
Event: 1.247 Loading class java/lang/instrument/ClassFileTransformer done
Event: 1.252 Loading class java/lang/UnsupportedOperationException
Event: 1.252 Loading class java/lang/UnsupportedOperationException done
Event: 1.274 Loading class java/lang/instrument/UnmodifiableClassException
Event: 1.274 Loading class java/lang/instrument/UnmodifiableClassException done
Event: 1.275 Loading class java/lang/instrument/ClassDefinition
Event: 1.275 Loading class java/lang/instrument/ClassDefinition done
Event: 1.284 Loading class java/lang/invoke/WrongMethodTypeException
Event: 1.284 Loading class java/lang/invoke/WrongMethodTypeException done
Event: 1.294 Loading class java/net/URLClassLoader
Event: 1.295 Loading class java/net/URLClassLoader done
Event: 1.319 Loading class java/util/regex/Pattern$Loop
Event: 1.319 Loading class java/util/regex/Pattern$Loop done
Event: 1.319 Loading class java/util/regex/Pattern$Prolog
Event: 1.319 Loading class java/util/regex/Pattern$Prolog done
Event: 1.465 Loading class jdk/internal/vm/PostVMInitHook
Event: 1.465 Loading class jdk/internal/vm/PostVMInitHook done

Classes unloaded (0 events):
No events

Classes redefined (0 events):
No events

Internal exceptions (11 events):
Event: 0.669 Thread 0x0000026a2027d300 Exception <a 'java/lang/NoSuchMethodError'{0x00000000d57a9240}: 'void java.lang.invoke.DirectMethodHandle$Holder.invokeStatic(java.lang.Object, java.lang.Object, java.lang.Object)'> (0x00000000d57a9240) 
thrown [s\src\hotspot\share\interpreter\linkResolver.cpp, line 773]
Event: 0.961 Thread 0x0000026a2027d300 Exception <a 'java/lang/NoSuchMethodError'{0x00000000d59124a0}: 'java.lang.Object java.lang.invoke.Invokers$Holder.invokeExact_MT(java.lang.Object, java.lang.Object, java.lang.Object, java.lang.Object, java.lang.Object)'> (0x00000000d59124a0) 
thrown [s\src\hotspot\share\interpreter\linkResolver.cpp, line 773]
Event: 1.055 Thread 0x0000026a2027d300 Exception <a 'java/lang/NoSuchMethodError'{0x00000000d59ca530}: 'int java.lang.invoke.DirectMethodHandle$Holder.invokeSpecial(java.lang.Object, java.lang.Object, java.lang.Object, int)'> (0x00000000d59ca530) 
thrown [s\src\hotspot\share\interpreter\linkResolver.cpp, line 773]
Event: 1.060 Thread 0x0000026a2027d300 Exception <a 'java/lang/NoSuchMethodError'{0x00000000d59dcf18}: 'java.lang.Object java.lang.invoke.DirectMethodHandle$Holder.invokeStatic(java.lang.Object, java.lang.Object, java.lang.Object, java.lang.Object, int)'> (0x00000000d59dcf18) 
thrown [s\src\hotspot\share\interpreter\linkResolver.cpp, line 773]
Event: 1.065 Thread 0x0000026a2027d300 Exception <a 'java/lang/NoSuchMethodError'{0x00000000d59e8358}: 'void java.lang.invoke.DelegatingMethodHandle$Holder.reinvoke_L(java.lang.Object, java.lang.Object, java.lang.Object, int, java.lang.Object)'> (0x00000000d59e8358) 
thrown [s\src\hotspot\share\interpreter\linkResolver.cpp, line 773]
Event: 1.071 Thread 0x0000026a2027d300 Exception <a 'java/lang/NoSuchMethodError'{0x00000000d59f8ca8}: 'int java.lang.invoke.DirectMethodHandle$Holder.invokeSpecial(java.lang.Object, java.lang.Object, java.lang.Object)'> (0x00000000d59f8ca8) 
thrown [s\src\hotspot\share\interpreter\linkResolver.cpp, line 773]
Event: 1.074 Thread 0x0000026a2027d300 Exception <a 'java/lang/NoSuchMethodError'{0x00000000d5a04968}: 'java.lang.Object java.lang.invoke.DirectMethodHandle$Holder.invokeStatic(java.lang.Object, java.lang.Object, int)'> (0x00000000d5a04968) 
thrown [s\src\hotspot\share\interpreter\linkResolver.cpp, line 773]
Event: 1.076 Thread 0x0000026a2027d300 Exception <a 'java/lang/NoSuchMethodError'{0x00000000d5a092b8}: 'void java.lang.invoke.DirectMethodHandle$Holder.invokeStatic(java.lang.Object, java.lang.Object, int, java.lang.Object)'> (0x00000000d5a092b8) 
thrown [s\src\hotspot\share\interpreter\linkResolver.cpp, line 773]
Event: 1.077 Thread 0x0000026a2027d300 Exception <a 'java/lang/NoSuchMethodError'{0x00000000d5a0ce48}: 'void java.lang.invoke.DirectMethodHandle$Holder.invokeSpecial(java.lang.Object, java.lang.Object, java.lang.Object, int, java.lang.Object)'> (0x00000000d5a0ce48) 
thrown [s\src\hotspot\share\interpreter\linkResolver.cpp, line 773]
Event: 1.078 Thread 0x0000026a2027d300 Exception <a 'java/lang/NoSuchMethodError'{0x00000000d5a102b8}: 'void java.lang.invoke.DelegatingMethodHandle$Holder.delegate(java.lang.Object, java.lang.Object, int, java.lang.Object)'> (0x00000000d5a102b8) 
thrown [s\src\hotspot\share\interpreter\linkResolver.cpp, line 773]
Event: 1.279 Thread 0x0000026a2027d300 Exception <a 'java/lang/NoSuchMethodError'{0x00000000d5bd0080}: 'void java.lang.invoke.DelegatingMethodHandle$Holder.reinvoke_L(java.lang.Object, java.lang.Object, java.lang.Object, int)'> (0x00000000d5bd0080) 
thrown [s\src\hotspot\share\interpreter\linkResolver.cpp, line 773]

ZGC Phase Switch (0 events):
No events

VM Operations (4 events):
Event: 0.675 Executing non-safepoint VM operation: HandshakeAllThreads (Deoptimize)
Event: 0.675 Executing non-safepoint VM operation: HandshakeAllThreads (Deoptimize) done
Event: 1.011 Executing non-safepoint VM operation: HandshakeAllThreads (Deoptimize)
Event: 1.012 Executing non-safepoint VM operation: HandshakeAllThreads (Deoptimize) done

Memory protections (0 events):
No events

Nmethod flushes (0 events):
No events

Events (12 events):
Event: 0.433 Thread 0x0000026a2027d300 Thread added: 0x0000026a2027d300
Event: 0.593 Thread 0x0000026a2027d300 Thread added: 0x0000026a20339810
Event: 0.593 Thread 0x0000026a2027d300 Thread added: 0x0000026a2033ce00
Event: 0.594 Thread 0x0000026a2027d300 Thread added: 0x0000026a201f6550
Event: 0.594 Thread 0x0000026a2027d300 Thread added: 0x0000026a201f8fc0
Event: 0.594 Thread 0x0000026a2027d300 Thread added: 0x0000026a201f9a20
Event: 0.595 Thread 0x0000026a2027d300 Thread added: 0x0000026a201fb940
Event: 0.596 Thread 0x0000026a2027d300 Thread added: 0x0000026a20207950
Event: 0.597 Thread 0x0000026a2027d300 Thread added: 0x0000026a79548120
Event: 0.760 Thread 0x0000026a2027d300 Thread added: 0x0000026a7972e370
Event: 1.138 Thread 0x0000026a79548120 Thread added: 0x0000026a797a5170
Event: 1.465 Thread 0x0000026a2027d300 Thread added: 0x0000026a79790ef0


Dynamic libraries:
0x00007ff705540000 - 0x00007ff70554e000 	c:\Users\CEP-TARDA\.vscode\extensions\redhat.java-1.53.0-win32-x64\jre\21.0.10-win32-x86_64\bin\java.exe
0x00007ffee4480000 - 0x00007ffee46e8000 	C:\WINDOWS\SYSTEM32\ntdll.dll
0x00007ffee2aa0000 - 0x00007ffee2b69000 	C:\WINDOWS\System32\KERNEL32.DLL
0x00007ffee1920000 - 0x00007ffee1d11000 	C:\WINDOWS\System32\KERNELBASE.dll
0x00007ffee15d0000 - 0x00007ffee171b000 	C:\WINDOWS\System32\ucrtbase.dll
0x00007ffeb53b0000 - 0x00007ffeb53c8000 	c:\Users\CEP-TARDA\.vscode\extensions\redhat.java-1.53.0-win32-x64\jre\21.0.10-win32-x86_64\bin\jli.dll
0x00007ffee3960000 - 0x00007ffee3b26000 	C:\WINDOWS\System32\USER32.dll
0x00007ffee2010000 - 0x00007ffee2037000 	C:\WINDOWS\System32\win32u.dll
0x00007ffeb32c0000 - 0x00007ffeb32de000 	c:\Users\CEP-TARDA\.vscode\extensions\redhat.java-1.53.0-win32-x64\jre\21.0.10-win32-x86_64\bin\VCRUNTIME140.dll
0x00007ffee2220000 - 0x00007ffee224b000 	C:\WINDOWS\System32\GDI32.dll
0x00007ffee20f0000 - 0x00007ffee221b000 	C:\WINDOWS\System32\gdi32full.dll
0x00007ffec9ce0000 - 0x00007ffec9f73000 	C:\WINDOWS\WinSxS\amd64_microsoft.windows.common-controls_6595b64144ccf1df_6.0.26100.7824_none_3e0870b2e3345462\COMCTL32.dll
0x00007ffee2040000 - 0x00007ffee20e3000 	C:\WINDOWS\System32\msvcp_win.dll
0x00007ffee2350000 - 0x00007ffee23f9000 	C:\WINDOWS\System32\msvcrt.dll
0x00007ffee41e0000 - 0x00007ffee4211000 	C:\WINDOWS\System32\IMM32.DLL
0x00007ffecf9c0000 - 0x00007ffecf9cc000 	c:\Users\CEP-TARDA\.vscode\extensions\redhat.java-1.53.0-win32-x64\jre\21.0.10-win32-x86_64\bin\vcruntime140_1.dll
0x00007ffe73da0000 - 0x00007ffe73e2d000 	c:\Users\CEP-TARDA\.vscode\extensions\redhat.java-1.53.0-win32-x64\jre\21.0.10-win32-x86_64\bin\msvcp140.dll
0x00007ffdfc6c0000 - 0x00007ffdfd461000 	c:\Users\CEP-TARDA\.vscode\extensions\redhat.java-1.53.0-win32-x64\jre\21.0.10-win32-x86_64\bin\server\jvm.dll
0x00007ffee4120000 - 0x00007ffee41d4000 	C:\WINDOWS\System32\ADVAPI32.dll
0x00007ffee2690000 - 0x00007ffee2736000 	C:\WINDOWS\System32\sechost.dll
0x00007ffee4320000 - 0x00007ffee4438000 	C:\WINDOWS\System32\RPCRT4.dll
0x00007ffee3b30000 - 0x00007ffee3ba4000 	C:\WINDOWS\System32\WS2_32.dll
0x00007ffee0bc0000 - 0x00007ffee0c1e000 	C:\WINDOWS\SYSTEM32\POWRPROF.dll
0x00007ffecc060000 - 0x00007ffecc095000 	C:\WINDOWS\SYSTEM32\WINMM.dll
0x00007ffed18a0000 - 0x00007ffed18ab000 	C:\WINDOWS\SYSTEM32\VERSION.dll
0x00007ffee0ba0000 - 0x00007ffee0bb4000 	C:\WINDOWS\SYSTEM32\UMPDC.dll
0x00007ffedfac0000 - 0x00007ffedfadb000 	C:\WINDOWS\SYSTEM32\kernel.appcore.dll
0x00007ffecf400000 - 0x00007ffecf40a000 	c:\Users\CEP-TARDA\.vscode\extensions\redhat.java-1.53.0-win32-x64\jre\21.0.10-win32-x86_64\bin\jimage.dll
0x00007ffedbbd0000 - 0x00007ffedbe12000 	C:\WINDOWS\SYSTEM32\DBGHELP.DLL
0x00007ffee3bb0000 - 0x00007ffee3f36000 	C:\WINDOWS\System32\combase.dll
0x00007ffee3880000 - 0x00007ffee3957000 	C:\WINDOWS\System32\OLEAUT32.dll
0x00007ffeca340000 - 0x00007ffeca37b000 	C:\WINDOWS\SYSTEM32\dbgcore.DLL
0x00007ffee1720000 - 0x00007ffee17c5000 	C:\WINDOWS\System32\bcryptPrimitives.dll
0x00007ffecbd30000 - 0x00007ffecbd3f000 	c:\Users\CEP-TARDA\.vscode\extensions\redhat.java-1.53.0-win32-x64\jre\21.0.10-win32-x86_64\bin\instrument.dll
0x00007ffeb07c0000 - 0x00007ffeb07e0000 	c:\Users\CEP-TARDA\.vscode\extensions\redhat.java-1.53.0-win32-x64\jre\21.0.10-win32-x86_64\bin\java.dll
0x00007ffee3060000 - 0x00007ffee37b2000 	C:\WINDOWS\System32\SHELL32.dll
0x00007ffee1d20000 - 0x00007ffee1e8a000 	C:\WINDOWS\System32\wintypes.dll
0x00007ffee0d60000 - 0x00007ffee15c3000 	C:\WINDOWS\System32\windows.storage.dll
0x00007ffee4220000 - 0x00007ffee4316000 	C:\WINDOWS\System32\SHCORE.dll
0x00007ffee28b0000 - 0x00007ffee2917000 	C:\WINDOWS\System32\shlwapi.dll
0x00007ffee0c80000 - 0x00007ffee0ca9000 	C:\WINDOWS\SYSTEM32\profapi.dll
0x00007ffead420000 - 0x00007ffead438000 	c:\Users\CEP-TARDA\.vscode\extensions\redhat.java-1.53.0-win32-x64\jre\21.0.10-win32-x86_64\bin\zip.dll
0x00007ffecbc70000 - 0x00007ffecbc80000 	C:\Users\CEP-TARDA\.vscode\extensions\redhat.java-1.53.0-win32-x64\jre\21.0.10-win32-x86_64\bin\net.dll
0x00007ffed2f00000 - 0x00007ffed3027000 	C:\WINDOWS\SYSTEM32\WINHTTP.dll
0x00007ffee0010000 - 0x00007ffee007b000 	C:\WINDOWS\system32\mswsock.dll
0x00007ffea8ee0000 - 0x00007ffea8ef6000 	C:\Users\CEP-TARDA\.vscode\extensions\redhat.java-1.53.0-win32-x64\jre\21.0.10-win32-x86_64\bin\nio.dll
0x00007ffecbbf0000 - 0x00007ffecbc00000 	c:\Users\CEP-TARDA\.vscode\extensions\redhat.java-1.53.0-win32-x64\jre\21.0.10-win32-x86_64\bin\verify.dll

JVMTI agents:
c:\Users\CEP-TARDA\.vscode\extensions\redhat.java-1.53.0-win32-x64\lombok\lombok-1.18.39-4050.jar path:c:\Users\CEP-TARDA\.vscode\extensions\redhat.java-1.53.0-win32-x64\jre\21.0.10-win32-x86_64\bin\instrument.dll, loaded, initialized, instrumentlib options:none

dbghelp: loaded successfully - version: 4.0.5 - missing functions: none
symbol engine: initialized successfully - sym options: 0x614 - pdb path: .;c:\Users\CEP-TARDA\.vscode\extensions\redhat.java-1.53.0-win32-x64\jre\21.0.10-win32-x86_64\bin;C:\WINDOWS\SYSTEM32;C:\WINDOWS\WinSxS\amd64_microsoft.windows.common-controls_6595b64144ccf1df_6.0.26100.7824_none_3e0870b2e3345462;c:\Users\CEP-TARDA\.vscode\extensions\redhat.java-1.53.0-win32-x64\jre\21.0.10-win32-x86_64\bin\server

VM Arguments:
jvm_args: --add-modules=ALL-SYSTEM --add-opens=java.base/java.util=ALL-UNNAMED --add-opens=java.base/java.lang=ALL-UNNAMED --add-opens=java.base/sun.nio.fs=ALL-UNNAMED -Declipse.application=org.eclipse.jdt.ls.core.id1 -Dosgi.bundles.defaultStartLevel=4 -Declipse.product=org.eclipse.jdt.ls.core.product -Djava.import.generatesMetadataFilesAtProjectRoot=false -DDetectVMInstallationsJob.disabled=true -Dfile.encoding=utf8 -XX:+UseParallelGC -XX:GCTimeRatio=4 -XX:AdaptiveSizePolicyWeight=90 -Dsun.zip.disableMemoryMapping=true -Xmx2G -Xms100m -Xlog:disable -javaagent:c:\Users\CEP-TARDA\.vscode\extensions\redhat.java-1.53.0-win32-x64\lombok\lombok-1.18.39-4050.jar 
java_command: c:\Users\CEP-TARDA\.vscode\extensions\redhat.java-1.53.0-win32-x64\server\plugins\org.eclipse.equinox.launcher_1.7.100.v20251111-0406.jar -configuration c:\Users\CEP-TARDA\AppData\Roaming\Code\User\globalStorage\redhat.java\1.53.0\config_ss_win -data c:\Users\CEP-TARDA\AppData\Roaming\Code\User\workspaceStorage\6fff6287125c81b6602d213a978b26a7\redhat.java\ss_ws --pipe=\\.\pipe\lsp-e96977eb5c2addda613c1f0a1486cfea-sock
java_class_path (initial): c:\Users\CEP-TARDA\.vscode\extensions\redhat.java-1.53.0-win32-x64\server\plugins\org.eclipse.equinox.launcher_1.7.100.v20251111-0406.jar
Launcher Type: SUN_STANDARD

[Global flags]
    uintx AdaptiveSizePolicyWeight                 = 90                                        {product} {command line}
     intx CICompilerCount                          = 4                                         {product} {ergonomic}
    uintx GCTimeRatio                              = 4                                         {product} {command line}
   size_t InitialHeapSize                          = 104857600                                 {product} {command line}
   size_t MaxHeapSize                              = 2147483648                                {product} {command line}
   size_t MaxNewSize                               = 715653120                                 {product} {ergonomic}
   size_t MinHeapDeltaBytes                        = 524288                                    {product} {ergonomic}
   size_t MinHeapSize                              = 104857600                                 {product} {command line}
   size_t NewSize                                  = 34603008                                  {product} {ergonomic}
    uintx NonNMethodCodeHeapSize                   = 5839372                                {pd product} {ergonomic}
    uintx NonProfiledCodeHeapSize                  = 122909434                              {pd product} {ergonomic}
   size_t OldSize                                  = 70254592                                  {product} {ergonomic}
    uintx ProfiledCodeHeapSize                     = 122909434                              {pd product} {ergonomic}
    uintx ReservedCodeCacheSize                    = 251658240                              {pd product} {ergonomic}
     bool SegmentedCodeCache                       = true                                      {product} {ergonomic}
   size_t SoftMaxHeapSize                          = 2147483648                             {manageable} {ergonomic}
     bool UseCompressedOops                        = true                           {product lp64_product} {ergonomic}
     bool UseLargePagesIndividualAllocation        = false                                  {pd product} {ergonomic}
     bool UseParallelGC                            = true                                      {product} {command line}

Logging:
Log output configuration:
 #0: stdout all=off uptime,level,tags foldmultilines=false
 #1: stderr all=off uptime,level,tags foldmultilines=false

Release file:
<release file has not been read>
Environment Variables:
JAVA_HOME=D:\DevSSD\java17
PATH=C:\Users\CEP-TARDA\AppData\Local\Programs\Microsoft VS Code;D:\DevSSD\java17\bin;D:\DevSSD\java17\bin;D:\DevSSD\android-sdk\bin;C:\WINDOWS\system32;C:\WINDOWS;C:\WINDOWS\System32\Wbem;C:\WINDOWS\System32\WindowsPowerShell\v1.0\;C:\Program Files (x86)\Windows Live\Shared;C:\WINDOWS\System32\OpenSSH\;C:\Program Files\Microsoft SQL Server\Client SDK\ODBC\170\Tools\Binn\;C:\Program Files\nodejs\;C:\xampp\php;C:\composer;C:\Program Files (x86)\Microsoft SQL Server\160\Tools\Binn\;C:\Program Files\Microsoft SQL Server\160\Tools\Binn\;C:\Program Files\Microsoft SQL Server\160\DTS\Binn\;C:\Program Files\Docker\Docker\resources\bin;C:\Program Files\Git\cmd;C:\Users\CEP-TARDA\AppData\Local\Microsoft\WindowsApps;C:\Users\CEP-TARDA\AppData\Local\Programs\Microsoft VS Code\bin;C:\Users\CEP-TARDA\AppData\Roaming\Composer\vendor\bin;C:\Users\CEP-TARDA\AppData\Local\gitkraken\bin;C:\Users\CEP-TARDA\AppData\Local\PowerToys\;D:\DevSSD\npm-global;D:\DevSSD\java17\bin;D:\DevSSD\android-sdk\platform-tools;D:\DevSSD\android-sdk\emulator;D:\DevSSD\gradle\bin;D:\DevSSD\npm-global\bin;
USERNAME=CEP-TARDA
OS=Windows_NT
PROCESSOR_IDENTIFIER=Intel64 Family 6 Model 142 Stepping 12, GenuineIntel
TMP=C:\Users\CEP-TA~1\AppData\Local\Temp
TEMP=C:\Users\CEP-TA~1\AppData\Local\Temp




Periodic native trim disabled

---------------  S Y S T E M  ---------------

OS:
 Windows 11 , 64 bit Build 26100 (10.0.26100.7705)
OS uptime: 0 days 3:15 hours
Hyper-V role detected

CPU: total 8 (initial active 8) (4 cores per cpu, 2 threads per core) family 6 model 142 stepping 12 microcode 0xf4, cx8, cmov, fxsr, ht, mmx, 3dnowpref, sse, sse2, sse3, ssse3, sse4.1, sse4.2, popcnt, lzcnt, tsc, tscinvbit, avx, avx2, aes, erms, clmul, bmi1, bmi2, adx, fma, vzeroupper, clflush, clflushopt, hv, rdtscp, f16c
Processor Information for the first 8 processors :
  Max Mhz: 2101, Current Mhz: 1600, Mhz Limit: 1596

Memory: 4k page, system-wide physical 16177M (1915M free)
TotalPageFile size 24042M (AvailPageFile size 16M)
current process WorkingSet (physical memory assigned to process): 55M, peak: 55M
current process commit charge ("private bytes"): 228M, peak: 228M

vm_info: OpenJDK 64-Bit Server VM (21.0.10+7-LTS) for windows-amd64 JRE (21.0.10+7-LTS), built on 2026-01-20T00:00:00Z by "admin" with MS VC++ 17.12 (VS2022)

END.
