#
# There is insufficient memory for the Java Runtime Environment to continue.
# Native memory allocation (malloc) failed to allocate 400768 bytes. Error detail: Chunk::new
# Possible reasons:
#   The system is out of physical RAM or swap space
#   This process is running with CompressedOops enabled, and the Java Heap may be blocking the growth of the native heap
# Possible solutions:
#   Reduce memory load on the system
#   Increase physical memory or swap space
#   Check if swap backing store is full
#   Decrease Java heap size (-Xmx/-Xms)
#   Decrease number of Java threads
#   Decrease Java thread stack sizes (-Xss)
#   Set larger code cache with -XX:ReservedCodeCacheSize=
#   JVM is running with Unscaled Compressed Oops mode in which the Java heap is
#     placed in the first 4GB address space. The Java Heap base address is the
#     maximum limit for the native heap growth. Please use -XX:HeapBaseMinAddress
#     to set the Java Heap base and to place the Java Heap above 4GB virtual address.
# This output file may be truncated or incomplete.
#
#  Out of Memory Error (arena.cpp:168), pid=28700, tid=3020
#
# JRE version: OpenJDK Runtime Environment Temurin-21.0.10+7 (21.0.10+7) (build 21.0.10+7-LTS)
# Java VM: OpenJDK 64-Bit Server VM Temurin-21.0.10+7 (21.0.10+7-LTS, mixed mode, sharing, tiered, compressed oops, compressed class ptrs, parallel gc, windows-amd64)
# No core dump will be written. Minidumps are not enabled by default on client versions of Windows
#

---------------  S U M M A R Y ------------

Command Line: --add-modules=ALL-SYSTEM --add-opens=java.base/java.util=ALL-UNNAMED --add-opens=java.base/java.lang=ALL-UNNAMED --add-opens=java.base/sun.nio.fs=ALL-UNNAMED -Declipse.application=org.eclipse.jdt.ls.core.id1 -Dosgi.bundles.defaultStartLevel=4 -Declipse.product=org.eclipse.jdt.ls.core.product -Djava.import.generatesMetadataFilesAtProjectRoot=false -DDetectVMInstallationsJob.disabled=true -Dfile.encoding=utf8 -XX:+UseParallelGC -XX:GCTimeRatio=4 -XX:AdaptiveSizePolicyWeight=90 -Dsun.zip.disableMemoryMapping=true -Xmx2G -Xms100m -Xlog:disable -javaagent:c:\Users\CEP-TARDA\.vscode\extensions\redhat.java-1.53.0-win32-x64\lombok\lombok-1.18.39-4050.jar -XX:+HeapDumpOnOutOfMemoryError -XX:HeapDumpPath=c:\Users\CEP-TARDA\AppData\Roaming\Code\User\workspaceStorage\5c180c81332737a4f6b9b9d1a1b7e898\redhat.java -Daether.dependencyCollector.impl=bf c:\Users\CEP-TARDA\.vscode\extensions\redhat.java-1.53.0-win32-x64\server\plugins\org.eclipse.equinox.launcher_1.7.100.v20251111-0406.jar -configuration c:\Users\CEP-TARDA\AppData\Roaming\Code\User\globalStorage\redhat.java\1.53.0\config_win -data c:\Users\CEP-TARDA\AppData\Roaming\Code\User\workspaceStorage\5c180c81332737a4f6b9b9d1a1b7e898\redhat.java\jdt_ws --pipe=\\.\pipe\lsp-03a11ce0f6ca1276f9d7e7aa6f64416e-sock

Host: Intel(R) Core(TM) i5-10210U CPU @ 1.60GHz, 8 cores, 15G,  Windows 11 , 64 bit Build 26100 (10.0.26100.7309)
Time: Tue Mar 24 18:57:46 2026 Hora estándar romance elapsed time: 6.384109 seconds (0d 0h 0m 6s)

---------------  T H R E A D  ---------------

Current thread (0x000001dadb74efb0):  JavaThread "C2 CompilerThread0" daemon [_thread_in_native, id=3020, stack(0x0000002007e00000,0x0000002007f00000) (1024K)]


Current CompileTask:
C2:6384 3543       4       sun.nio.fs.WindowsPathParser::normalize (233 bytes)

Stack: [0x0000002007e00000,0x0000002007f00000]
Native frames: (J=compiled Java code, j=interpreted, Vv=VM code, C=native code)
V  [jvm.dll+0x6d7a39]
V  [jvm.dll+0x8b4b26]
V  [jvm.dll+0x8b70de]
V  [jvm.dll+0x8b77c3]
V  [jvm.dll+0x284346]
V  [jvm.dll+0xc66ed]
V  [jvm.dll+0xc6c31]
V  [jvm.dll+0x3bec3b]
V  [jvm.dll+0x38b162]
V  [jvm.dll+0x38a5aa]
V  [jvm.dll+0x24c560]
V  [jvm.dll+0x24bb40]
V  [jvm.dll+0x1cb34e]
V  [jvm.dll+0x25b85d]
V  [jvm.dll+0x259dea]
V  [jvm.dll+0x3f857e]
V  [jvm.dll+0x85f59d]
V  [jvm.dll+0x6d626d]
C  [ucrtbase.dll+0x37b0]
C  [KERNEL32.DLL+0x2e8d7]
C  [ntdll.dll+0x8c53c]


---------------  P R O C E S S  ---------------

Threads class SMR info:
_java_thread_list=0x000001daf3d0e130, length=21, elements={
0x000001dadb7ce370, 0x000001dadb889b40, 0x000001dadb88bd00, 0x000001dadb744990,
0x000001dadb7454f0, 0x000001dadb74d5e0, 0x000001dadb74e040, 0x000001dadb74efb0,
0x000001daf3a20110, 0x000001daf3bf3720, 0x000001daf3cf8f80, 0x000001daf8769900,
0x000001daf89b25a0, 0x000001daf89f9290, 0x000001daf8984ca0, 0x000001daf8b709d0,
0x000001daf92515b0, 0x000001daf8e477e0, 0x000001daf8e48b90, 0x000001daf8e498b0,
0x000001daf8e46ac0
}

Java Threads: ( => current thread )
  0x000001dadb7ce370 JavaThread "main"                              [_thread_blocked, id=11252, stack(0x0000002007400000,0x0000002007500000) (1024K)]
  0x000001dadb889b40 JavaThread "Reference Handler"          daemon [_thread_blocked, id=27836, stack(0x0000002007800000,0x0000002007900000) (1024K)]
  0x000001dadb88bd00 JavaThread "Finalizer"                  daemon [_thread_blocked, id=7880, stack(0x0000002007900000,0x0000002007a00000) (1024K)]
  0x000001dadb744990 JavaThread "Signal Dispatcher"          daemon [_thread_blocked, id=1920, stack(0x0000002007a00000,0x0000002007b00000) (1024K)]
  0x000001dadb7454f0 JavaThread "Attach Listener"            daemon [_thread_blocked, id=28120, stack(0x0000002007b00000,0x0000002007c00000) (1024K)]
  0x000001dadb74d5e0 JavaThread "Service Thread"             daemon [_thread_blocked, id=27672, stack(0x0000002007c00000,0x0000002007d00000) (1024K)]
  0x000001dadb74e040 JavaThread "Monitor Deflation Thread"   daemon [_thread_blocked, id=14132, stack(0x0000002007d00000,0x0000002007e00000) (1024K)]
=>0x000001dadb74efb0 JavaThread "C2 CompilerThread0"         daemon [_thread_in_native, id=3020, stack(0x0000002007e00000,0x0000002007f00000) (1024K)]
  0x000001daf3a20110 JavaThread "C1 CompilerThread0"         daemon [_thread_blocked, id=1196, stack(0x0000002007f00000,0x0000002008000000) (1024K)]
  0x000001daf3bf3720 JavaThread "Common-Cleaner"             daemon [_thread_blocked, id=25152, stack(0x0000002008000000,0x0000002008100000) (1024K)]
  0x000001daf3cf8f80 JavaThread "Notification Thread"        daemon [_thread_blocked, id=22008, stack(0x0000002008200000,0x0000002008300000) (1024K)]
  0x000001daf8769900 JavaThread "Active Thread: Equinox Container: 95633a29-c357-4283-ba5b-9e564afa2d16"        [_thread_blocked, id=29500, stack(0x0000002008a00000,0x0000002008b00000) (1024K)]
  0x000001daf89b25a0 JavaThread "Refresh Thread: Equinox Container: 95633a29-c357-4283-ba5b-9e564afa2d16" daemon [_thread_blocked, id=28528, stack(0x0000002008c00000,0x0000002008d00000) (1024K)]
  0x000001daf89f9290 JavaThread "Framework Event Dispatcher: Equinox Container: 95633a29-c357-4283-ba5b-9e564afa2d16" daemon [_thread_blocked, id=7256, stack(0x0000002008d00000,0x0000002008e00000) (1024K)]
  0x000001daf8984ca0 JavaThread "Start Level: Equinox Container: 95633a29-c357-4283-ba5b-9e564afa2d16" daemon [_thread_in_vm, id=1616, stack(0x0000002008e00000,0x0000002008f00000) (1024K)]
  0x000001daf8b709d0 JavaThread "Bundle File Closer"         daemon [_thread_blocked, id=9924, stack(0x0000002008f00000,0x0000002009000000) (1024K)]
  0x000001daf92515b0 JavaThread "SCR Component Actor"        daemon [_thread_blocked, id=8796, stack(0x0000002009000000,0x0000002009100000) (1024K)]
  0x000001daf8e477e0 JavaThread "Worker-JM"                         [_thread_blocked, id=4480, stack(0x0000002009100000,0x0000002009200000) (1024K)]
  0x000001daf8e48b90 JavaThread "JNA Cleaner"                daemon [_thread_blocked, id=11224, stack(0x0000002008900000,0x0000002008a00000) (1024K)]
  0x000001daf8e498b0 JavaThread "Worker-0: Checking project encoding"        [_thread_blocked, id=4056, stack(0x0000002009200000,0x0000002009300000) (1024K)]
  0x000001daf8e46ac0 JavaThread "Worker-1"                          [_thread_blocked, id=9148, stack(0x0000002008100000,0x0000002008200000) (1024K)]
Total: 21

Other Threads:
  0x000001dadb742d70 VMThread "VM Thread"                           [id=3352, stack(0x0000002007700000,0x0000002007800000) (1024K)]
  0x000001dadb65ca00 WatcherThread "VM Periodic Task Thread"        [id=4364, stack(0x0000002007600000,0x0000002007700000) (1024K)]
  0x000001dadb7ed730 WorkerThread "GC Thread#0"                     [id=10372, stack(0x0000002007500000,0x0000002007600000) (1024K)]
  0x000001daf86500b0 WorkerThread "GC Thread#1"                     [id=29476, stack(0x0000002008300000,0x0000002008400000) (1024K)]
  0x000001daf850a9c0 WorkerThread "GC Thread#2"                     [id=29388, stack(0x0000002008400000,0x0000002008500000) (1024K)]
  0x000001daf3d52c60 WorkerThread "GC Thread#3"                     [id=27652, stack(0x0000002008500000,0x0000002008600000) (1024K)]
  0x000001daf85b59e0 WorkerThread "GC Thread#4"                     [id=29324, stack(0x0000002008600000,0x0000002008700000) (1024K)]
  0x000001daf85b5d90 WorkerThread "GC Thread#5"                     [id=29560, stack(0x0000002008700000,0x0000002008800000) (1024K)]
  0x000001daf872dac0 WorkerThread "GC Thread#6"                     [id=16636, stack(0x0000002008800000,0x0000002008900000) (1024K)]
  0x000001daf8ad6ad0 WorkerThread "GC Thread#7"                     [id=29456, stack(0x0000002008b00000,0x0000002008c00000) (1024K)]
Total: 10

Threads with active compile tasks:
C2 CompilerThread0  6429 3543       4       sun.nio.fs.WindowsPathParser::normalize (233 bytes)
C1 CompilerThread0  6429 3582       3       java.util.stream.FindOps$FindSink$OfRef::get (5 bytes)
Total: 2

VM state: not at safepoint (normal execution)

VM Mutex/Monitor currently owned by a thread: None

Heap address: 0x0000000080000000, size: 2048 MB, Compressed Oops mode: 32-bit

CDS archive(s) mapped at: [0x000001da80000000-0x000001da80ba0000-0x000001da80ba0000), size 12189696, SharedBaseAddress: 0x000001da80000000, ArchiveRelocationMode: 1.
Compressed class space mapped at: 0x000001da81000000-0x000001dac1000000, reserved size: 1073741824
Narrow klass base: 0x000001da80000000, Narrow klass shift: 0, Narrow klass range: 0x100000000

GC Precious Log:
 CardTable entry size: 512
 CPUs: 8 total, 8 available
 Memory: 16177M
 Large Page Support: Disabled
 NUMA Support: Disabled
 Compressed Oops: Enabled (32-bit)
 Alignments: Space 512K, Generation 512K, Heap 2M
 Heap Min Capacity: 100M
 Heap Initial Capacity: 100M
 Heap Max Capacity: 2G
 Pre-touch: Disabled
 Parallel Workers: 8

Heap:
 PSYoungGen      total 29184K, used 28620K [0x00000000d5580000, 0x00000000d7900000, 0x0000000100000000)
  eden space 25088K, 97% used [0x00000000d5580000,0x00000000d6d73c60,0x00000000d6e00000)
  from space 4096K, 99% used [0x00000000d6e80000,0x00000000d727f610,0x00000000d7280000)
  to   space 5632K, 0% used [0x00000000d7380000,0x00000000d7380000,0x00000000d7900000)
 ParOldGen       total 68608K, used 7573K [0x0000000080000000, 0x0000000084300000, 0x00000000d5580000)
  object space 68608K, 11% used [0x0000000080000000,0x00000000807655f0,0x0000000084300000)
 Metaspace       used 17705K, committed 18432K, reserved 1114112K
  class space    used 1839K, committed 2112K, reserved 1048576K

Card table byte_map: [0x000001dadb170000,0x000001dadb580000] _byte_map_base: 0x000001dadad70000

Marking Bits: (ParMarkBitMap*) 0x00007ffcaf0a3450
 Begin Bits: [0x000001daedc80000, 0x000001daefc80000)
 End Bits:   [0x000001daefc80000, 0x000001daf1c80000)

Polling page: 0x000001dad9510000

Metaspace:

Usage:
  Non-class:     15.49 MB used.
      Class:      1.80 MB used.
       Both:     17.29 MB used.

Virtual space:
  Non-class space:       64.00 MB reserved,      15.94 MB ( 25%) committed,  1 nodes.
      Class space:        1.00 GB reserved,       2.06 MB ( <1%) committed,  1 nodes.
             Both:        1.06 GB reserved,      18.00 MB (  2%) committed. 

Chunk freelists:
   Non-Class:  112.00 KB
       Class:  13.80 MB
        Both:  13.91 MB

MaxMetaspaceSize: unlimited
CompressedClassSpaceSize: 1.00 GB
Initial GC threshold: 21.00 MB
Current GC threshold: 21.00 MB
CDS: on
 - commit_granule_bytes: 65536.
 - commit_granule_words: 8192.
 - virtual_space_node_default_size: 8388608.
 - enlarge_chunks_in_place: 1.
 - use_allocation_guard: 0.


Internal statistics:

num_allocs_failed_limit: 0.
num_arena_births: 512.
num_arena_deaths: 0.
num_vsnodes_births: 2.
num_vsnodes_deaths: 0.
num_space_committed: 288.
num_space_uncommitted: 0.
num_chunks_returned_to_freelist: 0.
num_chunks_taken_from_freelist: 1156.
num_chunk_merges: 0.
num_chunk_splits: 717.
num_chunks_enlarged: 466.
num_inconsistent_stats: 0.

CodeHeap 'non-profiled nmethods': size=120000Kb used=1762Kb max_used=1762Kb free=118237Kb
 bounds [0x000001dae64a0000, 0x000001dae6710000, 0x000001daed9d0000]
CodeHeap 'profiled nmethods': size=120000Kb used=7269Kb max_used=7269Kb free=112730Kb
 bounds [0x000001dade9d0000, 0x000001dadf0f0000, 0x000001dae5f00000]
CodeHeap 'non-nmethods': size=5760Kb used=1276Kb max_used=1362Kb free=4483Kb
 bounds [0x000001dae5f00000, 0x000001dae6170000, 0x000001dae64a0000]
CodeCache: size=245760Kb, used=10307Kb, max_used=10393Kb, free=235450Kb
 total_blobs=4128, nmethods=3578, adapters=456, full_count=0
Compilation: enabled, stopped_count=0, restarted_count=0

Compilation events (20 events):
Event: 6.369 Thread 0x000001daf3a20110 3548   !   3       java.lang.invoke.LambdaForm::compileToBytecode (164 bytes)
Event: 6.370 Thread 0x000001daf3a20110 nmethod 3548 0x000001dadf0df510 code [0x000001dadf0df780, 0x000001dadf0e0020]
Event: 6.371 Thread 0x000001daf3a20110 3551       3       java.lang.invoke.LambdaForm::methodType (48 bytes)
Event: 6.371 Thread 0x000001daf3a20110 nmethod 3551 0x000001dadf0e0310 code [0x000001dadf0e0500, 0x000001dadf0e0aa0]
Event: 6.371 Thread 0x000001daf3a20110 3552       3       java.lang.invoke.MethodHandles$Lookup::getDirectMethodNoSecurityManager (18 bytes)
Event: 6.371 Thread 0x000001daf3a20110 nmethod 3552 0x000001dadf0e0d90 code [0x000001dadf0e0f40, 0x000001dadf0e1090]
Event: 6.372 Thread 0x000001daf3a20110 3554       3       java.lang.invoke.DirectMethodHandle$Holder::invokeStatic (17 bytes)
Event: 6.373 Thread 0x000001daf3a20110 nmethod 3554 0x000001dadf0e1190 code [0x000001dadf0e1360, 0x000001dadf0e1870]
Event: 6.373 Thread 0x000001daf3a20110 3555       3       java.util.stream.ReferencePipeline::forEachWithCancel (23 bytes)
Event: 6.373 Thread 0x000001daf3a20110 nmethod 3555 0x000001dadf0e1990 code [0x000001dadf0e1b60, 0x000001dadf0e1f00]
Event: 6.373 Thread 0x000001daf3a20110 3557       3       org.eclipse.osgi.storage.BundleInfo$Generation::getDomain (6 bytes)
Event: 6.373 Thread 0x000001daf3a20110 nmethod 3557 0x000001dadf0e2090 code [0x000001dadf0e2240, 0x000001dadf0e2380]
Event: 6.373 Thread 0x000001daf3a20110 3558   !   3       org.eclipse.osgi.storage.BundleInfo$Generation::getDomain (90 bytes)
Event: 6.373 Thread 0x000001daf3a20110 nmethod 3558 0x000001dadf0e2410 code [0x000001dadf0e25c0, 0x000001dadf0e2810]
Event: 6.373 Thread 0x000001daf3a20110 3559       1       org.apache.felix.scr.impl.manager.AbstractComponentManager$State::isEnabled (5 bytes)
Event: 6.374 Thread 0x000001daf3a20110 nmethod 3559 0x000001dae6656e90 code [0x000001dae6657020, 0x000001dae66570f0]
Event: 6.374 Thread 0x000001daf3a20110 3560       3       org.eclipse.osgi.internal.log.LoggerImpl::isTraceEnabled (11 bytes)
Event: 6.374 Thread 0x000001daf3a20110 nmethod 3560 0x000001dadf0e2910 code [0x000001dadf0e2ac0, 0x000001dadf0e2ca8]
Event: 6.375 Thread 0x000001daf3a20110 3561       1       java.util.concurrent.locks.ReentrantReadWriteLock$NonfairSync::writerShouldBlock (2 bytes)
Event: 6.375 Thread 0x000001daf3a20110 nmethod 3561 0x000001dae6657190 code [0x000001dae6657320, 0x000001dae66573e8]

GC Heap History (10 events):
Event: 1.584 GC heap before
{Heap before GC invocations=1 (full 0):
 PSYoungGen      total 29696K, used 25600K [0x00000000d5580000, 0x00000000d7680000, 0x0000000100000000)
  eden space 25600K, 100% used [0x00000000d5580000,0x00000000d6e80000,0x00000000d6e80000)
  from space 4096K, 0% used [0x00000000d7280000,0x00000000d7280000,0x00000000d7680000)
  to   space 4096K, 0% used [0x00000000d6e80000,0x00000000d6e80000,0x00000000d7280000)
 ParOldGen       total 68608K, used 0K [0x0000000080000000, 0x0000000084300000, 0x00000000d5580000)
  object space 68608K, 0% used [0x0000000080000000,0x0000000080000000,0x0000000084300000)
 Metaspace       used 4347K, committed 4608K, reserved 1114112K
  class space    used 473K, committed 576K, reserved 1048576K
}
Event: 1.595 GC heap after
{Heap after GC invocations=1 (full 0):
 PSYoungGen      total 29696K, used 3303K [0x00000000d5580000, 0x00000000d7680000, 0x0000000100000000)
  eden space 25600K, 0% used [0x00000000d5580000,0x00000000d5580000,0x00000000d6e80000)
  from space 4096K, 80% used [0x00000000d6e80000,0x00000000d71b9e98,0x00000000d7280000)
  to   space 4096K, 0% used [0x00000000d7280000,0x00000000d7280000,0x00000000d7680000)
 ParOldGen       total 68608K, used 8K [0x0000000080000000, 0x0000000084300000, 0x00000000d5580000)
  object space 68608K, 0% used [0x0000000080000000,0x0000000080002000,0x0000000084300000)
 Metaspace       used 4347K, committed 4608K, reserved 1114112K
  class space    used 473K, committed 576K, reserved 1048576K
}
Event: 2.698 GC heap before
{Heap before GC invocations=2 (full 0):
 PSYoungGen      total 29696K, used 28903K [0x00000000d5580000, 0x00000000d7680000, 0x0000000100000000)
  eden space 25600K, 100% used [0x00000000d5580000,0x00000000d6e80000,0x00000000d6e80000)
  from space 4096K, 80% used [0x00000000d6e80000,0x00000000d71b9e98,0x00000000d7280000)
  to   space 4096K, 0% used [0x00000000d7280000,0x00000000d7280000,0x00000000d7680000)
 ParOldGen       total 68608K, used 8K [0x0000000080000000, 0x0000000084300000, 0x00000000d5580000)
  object space 68608K, 0% used [0x0000000080000000,0x0000000080002000,0x0000000084300000)
 Metaspace       used 7969K, committed 8256K, reserved 1114112K
  class space    used 831K, committed 960K, reserved 1048576K
}
Event: 2.707 GC heap after
{Heap after GC invocations=2 (full 0):
 PSYoungGen      total 29696K, used 4070K [0x00000000d5580000, 0x00000000d7680000, 0x0000000100000000)
  eden space 25600K, 0% used [0x00000000d5580000,0x00000000d5580000,0x00000000d6e80000)
  from space 4096K, 99% used [0x00000000d7280000,0x00000000d7679800,0x00000000d7680000)
  to   space 4096K, 0% used [0x00000000d6e80000,0x00000000d6e80000,0x00000000d7280000)
 ParOldGen       total 68608K, used 2117K [0x0000000080000000, 0x0000000084300000, 0x00000000d5580000)
  object space 68608K, 3% used [0x0000000080000000,0x00000000802116b8,0x0000000084300000)
 Metaspace       used 7969K, committed 8256K, reserved 1114112K
  class space    used 831K, committed 960K, reserved 1048576K
}
Event: 3.218 GC heap before
{Heap before GC invocations=3 (full 0):
 PSYoungGen      total 29696K, used 29670K [0x00000000d5580000, 0x00000000d7680000, 0x0000000100000000)
  eden space 25600K, 100% used [0x00000000d5580000,0x00000000d6e80000,0x00000000d6e80000)
  from space 4096K, 99% used [0x00000000d7280000,0x00000000d7679800,0x00000000d7680000)
  to   space 4096K, 0% used [0x00000000d6e80000,0x00000000d6e80000,0x00000000d7280000)
 ParOldGen       total 68608K, used 2117K [0x0000000080000000, 0x0000000084300000, 0x00000000d5580000)
  object space 68608K, 3% used [0x0000000080000000,0x00000000802116b8,0x0000000084300000)
 Metaspace       used 9470K, committed 9792K, reserved 1114112K
  class space    used 1014K, committed 1152K, reserved 1048576K
}
Event: 3.226 GC heap after
{Heap after GC invocations=3 (full 0):
 PSYoungGen      total 29696K, used 4073K [0x00000000d5580000, 0x00000000d7680000, 0x0000000100000000)
  eden space 25600K, 0% used [0x00000000d5580000,0x00000000d5580000,0x00000000d6e80000)
  from space 4096K, 99% used [0x00000000d6e80000,0x00000000d727a470,0x00000000d7280000)
  to   space 4096K, 0% used [0x00000000d7280000,0x00000000d7280000,0x00000000d7680000)
 ParOldGen       total 68608K, used 4813K [0x0000000080000000, 0x0000000084300000, 0x00000000d5580000)
  object space 68608K, 7% used [0x0000000080000000,0x00000000804b3578,0x0000000084300000)
 Metaspace       used 9470K, committed 9792K, reserved 1114112K
  class space    used 1014K, committed 1152K, reserved 1048576K
}
Event: 3.904 GC heap before
{Heap before GC invocations=4 (full 0):
 PSYoungGen      total 29696K, used 29673K [0x00000000d5580000, 0x00000000d7680000, 0x0000000100000000)
  eden space 25600K, 100% used [0x00000000d5580000,0x00000000d6e80000,0x00000000d6e80000)
  from space 4096K, 99% used [0x00000000d6e80000,0x00000000d727a470,0x00000000d7280000)
  to   space 4096K, 0% used [0x00000000d7280000,0x00000000d7280000,0x00000000d7680000)
 ParOldGen       total 68608K, used 4813K [0x0000000080000000, 0x0000000084300000, 0x00000000d5580000)
  object space 68608K, 7% used [0x0000000080000000,0x00000000804b3578,0x0000000084300000)
 Metaspace       used 11632K, committed 11968K, reserved 1114112K
  class space    used 1231K, committed 1408K, reserved 1048576K
}
Event: 3.912 GC heap after
{Heap after GC invocations=4 (full 0):
 PSYoungGen      total 29696K, used 4066K [0x00000000d5580000, 0x00000000d7680000, 0x0000000100000000)
  eden space 25600K, 0% used [0x00000000d5580000,0x00000000d5580000,0x00000000d6e80000)
  from space 4096K, 99% used [0x00000000d7280000,0x00000000d7678b98,0x00000000d7680000)
  to   space 4096K, 0% used [0x00000000d6e80000,0x00000000d6e80000,0x00000000d7280000)
 ParOldGen       total 68608K, used 6575K [0x0000000080000000, 0x0000000084300000, 0x00000000d5580000)
  object space 68608K, 9% used [0x0000000080000000,0x000000008066bcb0,0x0000000084300000)
 Metaspace       used 11632K, committed 11968K, reserved 1114112K
  class space    used 1231K, committed 1408K, reserved 1048576K
}
Event: 4.885 GC heap before
{Heap before GC invocations=5 (full 0):
 PSYoungGen      total 29696K, used 29666K [0x00000000d5580000, 0x00000000d7680000, 0x0000000100000000)
  eden space 25600K, 100% used [0x00000000d5580000,0x00000000d6e80000,0x00000000d6e80000)
  from space 4096K, 99% used [0x00000000d7280000,0x00000000d7678b98,0x00000000d7680000)
  to   space 4096K, 0% used [0x00000000d6e80000,0x00000000d6e80000,0x00000000d7280000)
 ParOldGen       total 68608K, used 6575K [0x0000000080000000, 0x0000000084300000, 0x00000000d5580000)
  object space 68608K, 9% used [0x0000000080000000,0x000000008066bcb0,0x0000000084300000)
 Metaspace       used 14712K, committed 15168K, reserved 1114112K
  class space    used 1511K, committed 1664K, reserved 1048576K
}
Event: 4.890 GC heap after
{Heap after GC invocations=5 (full 0):
 PSYoungGen      total 29184K, used 4093K [0x00000000d5580000, 0x00000000d7900000, 0x0000000100000000)
  eden space 25088K, 0% used [0x00000000d5580000,0x00000000d5580000,0x00000000d6e00000)
  from space 4096K, 99% used [0x00000000d6e80000,0x00000000d727f610,0x00000000d7280000)
  to   space 5632K, 0% used [0x00000000d7380000,0x00000000d7380000,0x00000000d7900000)
 ParOldGen       total 68608K, used 7573K [0x0000000080000000, 0x0000000084300000, 0x00000000d5580000)
  object space 68608K, 11% used [0x0000000080000000,0x00000000807655f0,0x0000000084300000)
 Metaspace       used 14712K, committed 15168K, reserved 1114112K
  class space    used 1511K, committed 1664K, reserved 1048576K
}

Dll operation events (10 events):
Event: 0.019 Loaded shared library c:\Users\CEP-TARDA\.vscode\extensions\redhat.java-1.53.0-win32-x64\jre\21.0.10-win32-x86_64\bin\java.dll
Event: 0.143 Loaded shared library c:\Users\CEP-TARDA\.vscode\extensions\redhat.java-1.53.0-win32-x64\jre\21.0.10-win32-x86_64\bin\zip.dll
Event: 0.243 Loaded shared library C:\Users\CEP-TARDA\.vscode\extensions\redhat.java-1.53.0-win32-x64\jre\21.0.10-win32-x86_64\bin\instrument.dll
Event: 0.256 Loaded shared library C:\Users\CEP-TARDA\.vscode\extensions\redhat.java-1.53.0-win32-x64\jre\21.0.10-win32-x86_64\bin\net.dll
Event: 0.261 Loaded shared library C:\Users\CEP-TARDA\.vscode\extensions\redhat.java-1.53.0-win32-x64\jre\21.0.10-win32-x86_64\bin\nio.dll
Event: 0.268 Loaded shared library C:\Users\CEP-TARDA\.vscode\extensions\redhat.java-1.53.0-win32-x64\jre\21.0.10-win32-x86_64\bin\zip.dll
Event: 0.306 Loaded shared library C:\Users\CEP-TARDA\.vscode\extensions\redhat.java-1.53.0-win32-x64\jre\21.0.10-win32-x86_64\bin\jimage.dll
Event: 0.539 Loaded shared library c:\Users\CEP-TARDA\.vscode\extensions\redhat.java-1.53.0-win32-x64\jre\21.0.10-win32-x86_64\bin\verify.dll
Event: 2.741 Loaded shared library C:\Users\CEP-TARDA\AppData\Roaming\Code\User\globalStorage\redhat.java\1.53.0\config_win\org.eclipse.equinox.launcher\org.eclipse.equinox.launcher.win32.win32.x86_64_1.3.0.v20260203-2149\eclipse_11919.dll
Event: 5.467 Loaded shared library C:\Users\CEP-TARDA\AppData\Local\Temp\jna--1491780509\jna12529435452368642652.dll

Deoptimization events (20 events):
Event: 5.748 Thread 0x000001daf8984ca0 DEOPT PACKING pc=0x000001dadf071ec6 sp=0x0000002008ef9710
Event: 5.748 Thread 0x000001daf8984ca0 DEOPT UNPACKING pc=0x000001dae5f54242 sp=0x0000002008ef8c90 mode 0
Event: 5.835 Thread 0x000001daf8984ca0 DEOPT PACKING pc=0x000001dadec0dc7b sp=0x0000002008ef94d0
Event: 5.835 Thread 0x000001daf8984ca0 DEOPT UNPACKING pc=0x000001dae5f54242 sp=0x0000002008ef8a08 mode 0
Event: 5.886 Thread 0x000001daf8984ca0 DEOPT PACKING pc=0x000001dadf071ec6 sp=0x0000002008ef9710
Event: 5.886 Thread 0x000001daf8984ca0 DEOPT UNPACKING pc=0x000001dae5f54242 sp=0x0000002008ef8c90 mode 0
Event: 5.934 Thread 0x000001daf8984ca0 DEOPT PACKING pc=0x000001dadf0abcc1 sp=0x0000002008ef9960
Event: 5.934 Thread 0x000001daf8984ca0 DEOPT UNPACKING pc=0x000001dae5f54242 sp=0x0000002008ef8e28 mode 0
Event: 6.016 Thread 0x000001daf8984ca0 DEOPT PACKING pc=0x000001dadf071ec6 sp=0x0000002008ef9710
Event: 6.016 Thread 0x000001daf8984ca0 DEOPT UNPACKING pc=0x000001dae5f54242 sp=0x0000002008ef8c90 mode 0
Event: 6.123 Thread 0x000001daf8984ca0 DEOPT PACKING pc=0x000001dadf071ec6 sp=0x0000002008ef9710
Event: 6.124 Thread 0x000001daf8984ca0 DEOPT UNPACKING pc=0x000001dae5f54242 sp=0x0000002008ef8c90 mode 0
Event: 6.239 Thread 0x000001daf8984ca0 DEOPT PACKING pc=0x000001dadf071ec6 sp=0x0000002008ef9720
Event: 6.239 Thread 0x000001daf8984ca0 DEOPT UNPACKING pc=0x000001dae5f54242 sp=0x0000002008ef8ca0 mode 0
Event: 6.352 Thread 0x000001daf8984ca0 DEOPT PACKING pc=0x000001dadf071ec6 sp=0x0000002008ef9720
Event: 6.352 Thread 0x000001daf8984ca0 DEOPT UNPACKING pc=0x000001dae5f54242 sp=0x0000002008ef8ca0 mode 0
Event: 6.373 Thread 0x000001daf8e498b0 Uncommon trap: trap_request=0xffffff45 fr.pc=0x000001dae65956e0 relative=0x00000000000000c0
Event: 6.373 Thread 0x000001daf8e498b0 Uncommon trap: reason=unstable_if action=reinterpret pc=0x000001dae65956e0 method=java.util.concurrent.locks.ReentrantLock$NonfairSync.initialTryLock()Z @ 25 c2
Event: 6.374 Thread 0x000001daf8e498b0 DEOPT PACKING pc=0x000001dae65956e0 sp=0x00000020092fdf50
Event: 6.374 Thread 0x000001daf8e498b0 DEOPT UNPACKING pc=0x000001dae5f53aa2 sp=0x00000020092fded0 mode 2

Classes loaded (20 events):
Event: 5.499 Loading class java/lang/annotation/Documented
Event: 5.499 Loading class java/lang/annotation/Documented done
Event: 5.501 Loading class java/lang/reflect/UndeclaredThrowableException
Event: 5.502 Loading class java/lang/reflect/UndeclaredThrowableException done
Event: 5.502 Loading class java/lang/Class$AnnotationData
Event: 5.502 Loading class java/lang/Class$AnnotationData done
Event: 5.504 Loading class jdk/internal/reflect/MethodHandleIntegerFieldAccessorImpl
Event: 5.504 Loading class jdk/internal/reflect/MethodHandleIntegerFieldAccessorImpl done
Event: 5.521 Loading class java/io/PrintWriter
Event: 5.521 Loading class java/io/PrintWriter done
Event: 5.532 Loading class jdk/internal/reflect/MethodHandleShortFieldAccessorImpl
Event: 5.533 Loading class jdk/internal/reflect/MethodHandleShortFieldAccessorImpl done
Event: 5.533 Loading class java/lang/Short$ShortCache
Event: 5.533 Loading class java/lang/Short$ShortCache done
Event: 5.630 Loading class java/util/function/LongUnaryOperator
Event: 5.630 Loading class java/util/function/LongUnaryOperator done
Event: 5.631 Loading class java/lang/ThreadDeath
Event: 5.631 Loading class java/lang/ThreadDeath done
Event: 5.652 Loading class java/util/stream/SortedOps$SizedRefSortingSink
Event: 5.653 Loading class java/util/stream/SortedOps$SizedRefSortingSink done

Classes unloaded (0 events):
No events

Classes redefined (0 events):
No events

Internal exceptions (20 events):
Event: 5.038 Thread 0x000001daf8984ca0 Exception <a 'java/io/FileNotFoundException'{0x00000000d599b300}> (0x00000000d599b300) 
thrown [s\src\hotspot\share\prims\jni.cpp, line 520]
Event: 5.135 Thread 0x000001daf8984ca0 Exception <a 'java/lang/NoSuchMethodError'{0x00000000d5cc9ff0}: 'java.lang.Object java.lang.invoke.DirectMethodHandle$Holder.newInvokeSpecial(java.lang.Object, java.lang.Object, java.lang.Object, java.lang.Object, java.lang.Object)'> (0x00000000d5cc9ff0) 
thrown [s\src\hotspot\share\interpreter\linkResolver.cpp, line 773]
Event: 5.200 Thread 0x000001daf8984ca0 Exception <a 'java/lang/NoSuchMethodError'{0x00000000d5e83bf8}: 'java.lang.Object java.lang.invoke.DirectMethodHandle$Holder.invokeStaticInit(java.lang.Object, int)'> (0x00000000d5e83bf8) 
thrown [s\src\hotspot\share\interpreter\linkResolver.cpp, line 773]
Event: 5.269 Thread 0x000001daf8984ca0 Exception <a 'java/lang/NoSuchMethodError'{0x00000000d60fc698}: 'java.lang.Object java.lang.invoke.DirectMethodHandle$Holder.invokeStaticInit(java.lang.Object, int, int, int, int)'> (0x00000000d60fc698) 
thrown [s\src\hotspot\share\interpreter\linkResolver.cpp, line 773]
Event: 5.313 Thread 0x000001daf8984ca0 Exception <a 'java/lang/NoSuchMethodError'{0x00000000d61e0690}: 'java.lang.Object java.lang.invoke.DirectMethodHandle$Holder.invokeStaticInit(java.lang.Object, java.lang.Object, int, int, int, int)'> (0x00000000d61e0690) 
thrown [s\src\hotspot\share\interpreter\linkResolver.cpp, line 773]
Event: 5.505 Thread 0x000001daf8984ca0 Exception <a 'java/lang/NoSuchMethodError'{0x00000000d62f7320}: 'void java.lang.invoke.DirectMethodHandle$Holder.invokeSpecial(java.lang.Object, java.lang.Object, java.lang.Object, int)'> (0x00000000d62f7320) 
thrown [s\src\hotspot\share\interpreter\linkResolver.cpp, line 773]
Event: 5.505 Thread 0x000001daf8984ca0 Exception <a 'java/lang/NoSuchMethodError'{0x00000000d62facb0}: 'void java.lang.invoke.DelegatingMethodHandle$Holder.reinvoke_L(java.lang.Object, java.lang.Object, int)'> (0x00000000d62facb0) 
thrown [s\src\hotspot\share\interpreter\linkResolver.cpp, line 773]
Event: 5.506 Thread 0x000001daf8984ca0 Exception <a 'java/lang/NoSuchMethodError'{0x00000000d6301998}: 'int java.lang.invoke.Invokers$Holder.invokeExact_MT(java.lang.Object, java.lang.Object, java.lang.Object)'> (0x00000000d6301998) 
thrown [s\src\hotspot\share\interpreter\linkResolver.cpp, line 773]
Event: 5.537 Thread 0x000001daf8984ca0 Exception <a 'java/lang/NoSuchMethodError'{0x00000000d64265d8}: 'void java.lang.invoke.Invokers$Holder.invokeExact_MT(java.lang.Object, java.lang.Object, int, java.lang.Object)'> (0x00000000d64265d8) 
thrown [s\src\hotspot\share\interpreter\linkResolver.cpp, line 773]
Event: 5.626 Thread 0x000001daf8984ca0 Exception <a 'java/lang/NoSuchMethodError'{0x00000000d66743b8}: 'java.lang.Object java.lang.invoke.DirectMethodHandle$Holder.invokeSpecial(java.lang.Object, java.lang.Object, java.lang.Object, long, java.lang.Object)'> (0x00000000d66743b8) 
thrown [s\src\hotspot\share\interpreter\linkResolver.cpp, line 773]
Event: 5.627 Thread 0x000001daf8984ca0 Exception <a 'java/lang/NoSuchMethodError'{0x00000000d667bc00}: 'java.lang.Object java.lang.invoke.DirectMethodHandle$Holder.newInvokeSpecial(java.lang.Object, java.lang.Object, java.lang.Object, long)'> (0x00000000d667bc00) 
thrown [s\src\hotspot\share\interpreter\linkResolver.cpp, line 773]
Event: 5.628 Thread 0x000001daf8984ca0 Exception <a 'java/lang/NoSuchMethodError'{0x00000000d667ffb0}: 'java.lang.Object java.lang.invoke.DirectMethodHandle$Holder.invokeSpecial(java.lang.Object, java.lang.Object, java.lang.Object, java.lang.Object, long)'> (0x00000000d667ffb0) 
thrown [s\src\hotspot\share\interpreter\linkResolver.cpp, line 773]
Event: 5.629 Thread 0x000001daf8984ca0 Exception <a 'java/lang/NoSuchMethodError'{0x00000000d6683bd0}: 'java.lang.Object java.lang.invoke.Invokers$Holder.linkToTargetMethod(java.lang.Object, java.lang.Object, long, java.lang.Object)'> (0x00000000d6683bd0) 
thrown [s\src\hotspot\share\interpreter\linkResolver.cpp, line 773]
Event: 5.649 Thread 0x000001daf8984ca0 Exception <a 'java/lang/NoSuchMethodError'{0x00000000d66fe558}: 'int java.lang.invoke.DirectMethodHandle$Holder.invokeStaticInit(java.lang.Object, java.lang.Object, java.lang.Object)'> (0x00000000d66fe558) 
thrown [s\src\hotspot\share\interpreter\linkResolver.cpp, line 773]
Event: 5.671 Thread 0x000001daf8984ca0 Exception <a 'java/lang/IncompatibleClassChangeError'{0x00000000d67b9920}: Found class java.lang.Object, but interface was expected> (0x00000000d67b9920) 
thrown [s\src\hotspot\share\interpreter\linkResolver.cpp, line 840]
Event: 6.368 Thread 0x000001daf8984ca0 Exception <a 'java/lang/NoSuchMethodError'{0x00000000d6bb9648}: 'java.lang.Object java.lang.invoke.DirectMethodHandle$Holder.invokeSpecial(java.lang.Object, java.lang.Object, java.lang.Object, int, java.lang.Object, java.lang.Object)'> (0x00000000d6bb9648) 
thrown [s\src\hotspot\share\interpreter\linkResolver.cpp, line 773]
Event: 6.369 Thread 0x000001daf8984ca0 Exception <a 'java/lang/NoSuchMethodError'{0x00000000d6bc0f50}: 'java.lang.Object java.lang.invoke.DirectMethodHandle$Holder.newInvokeSpecial(java.lang.Object, java.lang.Object, java.lang.Object, int, java.lang.Object)'> (0x00000000d6bc0f50) 
thrown [s\src\hotspot\share\interpreter\linkResolver.cpp, line 773]
Event: 6.370 Thread 0x000001daf8984ca0 Exception <a 'java/lang/NoSuchMethodError'{0x00000000d6bc5090}: 'java.lang.Object java.lang.invoke.DirectMethodHandle$Holder.invokeSpecial(java.lang.Object, java.lang.Object, java.lang.Object, java.lang.Object, int, java.lang.Object)'> (0x00000000d6bc5090) 
thrown [s\src\hotspot\share\interpreter\linkResolver.cpp, line 773]
Event: 6.370 Thread 0x000001daf8984ca0 Exception <a 'java/lang/NoSuchMethodError'{0x00000000d6bc8bc0}: 'java.lang.Object java.lang.invoke.Invokers$Holder.linkToTargetMethod(java.lang.Object, java.lang.Object, int, java.lang.Object, java.lang.Object)'> (0x00000000d6bc8bc0) 
thrown [s\src\hotspot\share\interpreter\linkResolver.cpp, line 773]
Event: 6.371 Thread 0x000001daf8e498b0 Exception <a 'java/lang/NoSuchMethodError'{0x00000000d66c6720}: 'java.lang.Object java.lang.invoke.DirectMethodHandle$Holder.invokeSpecial(java.lang.Object, java.lang.Object, int, java.lang.Object, java.lang.Object)'> (0x00000000d66c6720) 
thrown [s\src\hotspot\share\interpreter\linkResolver.cpp, line 773]

ZGC Phase Switch (0 events):
No events

VM Operations (20 events):
Event: 3.299 Executing non-safepoint VM operation: HandshakeAllThreads (Deoptimize)
Event: 3.299 Executing non-safepoint VM operation: HandshakeAllThreads (Deoptimize) done
Event: 3.880 Executing non-safepoint VM operation: HandshakeAllThreads (Deoptimize)
Event: 3.880 Executing non-safepoint VM operation: HandshakeAllThreads (Deoptimize) done
Event: 3.904 Executing safepoint VM operation: ParallelGCFailedAllocation (Allocation Failure)
Event: 3.912 Executing safepoint VM operation: ParallelGCFailedAllocation (Allocation Failure) done
Event: 4.580 Executing safepoint VM operation: ICBufferFull
Event: 4.580 Executing safepoint VM operation: ICBufferFull done
Event: 4.885 Executing safepoint VM operation: ParallelGCFailedAllocation (Allocation Failure)
Event: 4.890 Executing safepoint VM operation: ParallelGCFailedAllocation (Allocation Failure) done
Event: 5.060 Executing non-safepoint VM operation: HandshakeAllThreads (Deoptimize)
Event: 5.060 Executing non-safepoint VM operation: HandshakeAllThreads (Deoptimize) done
Event: 5.215 Executing non-safepoint VM operation: HandshakeAllThreads (Deoptimize)
Event: 5.215 Executing non-safepoint VM operation: HandshakeAllThreads (Deoptimize) done
Event: 5.292 Executing non-safepoint VM operation: HandshakeAllThreads (Deoptimize)
Event: 5.292 Executing non-safepoint VM operation: HandshakeAllThreads (Deoptimize) done
Event: 5.308 Executing non-safepoint VM operation: HandshakeAllThreads (Deoptimize)
Event: 5.308 Executing non-safepoint VM operation: HandshakeAllThreads (Deoptimize) done
Event: 5.481 Executing non-safepoint VM operation: HandshakeAllThreads (Deoptimize)
Event: 5.481 Executing non-safepoint VM operation: HandshakeAllThreads (Deoptimize) done

Memory protections (0 events):
No events

Nmethod flushes (0 events):
No events

Events (20 events):
Event: 2.375 Thread 0x000001dadb7ce370 Thread added: 0x000001daf8769900
Event: 2.734 Thread 0x000001dadb7ce370 Thread added: 0x000001daf89b25a0
Event: 2.790 Thread 0x000001daf89b25a0 Thread added: 0x000001daf89f9290
Event: 2.797 Thread 0x000001dadb7ce370 Thread added: 0x000001daf8984ca0
Event: 3.291 Thread 0x000001daf8984ca0 Thread added: 0x000001daf8b709d0
Event: 3.857 Thread 0x000001daf8984ca0 Thread added: 0x000001daf92515b0
Event: 3.921 Thread 0x000001daf3d62300 Thread exited: 0x000001daf3d62300
Event: 4.563 Thread 0x000001daf3a20110 Thread added: 0x000001daf8c1fbb0
Event: 4.716 Thread 0x000001daf8984ca0 Thread added: 0x000001daf8e477e0
Event: 4.901 Thread 0x000001daf8c1fbb0 Thread exited: 0x000001daf8c1fbb0
Event: 4.922 Thread 0x000001daf8726440 Thread exited: 0x000001daf8726440
Event: 5.112 Thread 0x000001daf3a20110 Thread added: 0x000001daf8b61b50
Event: 5.113 Thread 0x000001daf3a20110 Thread added: 0x000001daf8e8ecd0
Event: 5.492 Thread 0x000001daf8e8ecd0 Thread exited: 0x000001daf8e8ecd0
Event: 5.517 Thread 0x000001daf8984ca0 Thread added: 0x000001daf8e48b90
Event: 5.635 Thread 0x000001daf8984ca0 Thread added: 0x000001daf8e498b0
Event: 5.717 Thread 0x000001daf3a20110 Thread added: 0x000001daf9bbda80
Event: 6.117 Thread 0x000001daf8b61b50 Thread exited: 0x000001daf8b61b50
Event: 6.117 Thread 0x000001daf9bbda80 Thread exited: 0x000001daf9bbda80
Event: 6.373 Thread 0x000001daf8984ca0 Thread added: 0x000001daf8e46ac0


Dynamic libraries:
0x00007ff7ce770000 - 0x00007ff7ce77e000 	c:\Users\CEP-TARDA\.vscode\extensions\redhat.java-1.53.0-win32-x64\jre\21.0.10-win32-x86_64\bin\java.exe
0x00007ffd9b3e0000 - 0x00007ffd9b647000 	C:\WINDOWS\SYSTEM32\ntdll.dll
0x00007ffd99e90000 - 0x00007ffd99f59000 	C:\WINDOWS\System32\KERNEL32.DLL
0x00007ffd98d80000 - 0x00007ffd9916f000 	C:\WINDOWS\System32\KERNELBASE.dll
0x00007ffd98690000 - 0x00007ffd987db000 	C:\WINDOWS\System32\ucrtbase.dll
0x00007ffd8ffe0000 - 0x00007ffd8fff8000 	c:\Users\CEP-TARDA\.vscode\extensions\redhat.java-1.53.0-win32-x64\jre\21.0.10-win32-x86_64\bin\jli.dll
0x00007ffd9a610000 - 0x00007ffd9a7d5000 	C:\WINDOWS\System32\USER32.dll
0x00007ffd98530000 - 0x00007ffd98557000 	C:\WINDOWS\System32\win32u.dll
0x00007ffd9a200000 - 0x00007ffd9a22b000 	C:\WINDOWS\System32\GDI32.dll
0x00007ffd98560000 - 0x00007ffd9868c000 	C:\WINDOWS\System32\gdi32full.dll
0x00007ffd98960000 - 0x00007ffd98a03000 	C:\WINDOWS\System32\msvcp_win.dll
0x00007ffd86ba0000 - 0x00007ffd86bbe000 	c:\Users\CEP-TARDA\.vscode\extensions\redhat.java-1.53.0-win32-x64\jre\21.0.10-win32-x86_64\bin\VCRUNTIME140.dll
0x00007ffd80c50000 - 0x00007ffd80ee3000 	C:\WINDOWS\WinSxS\amd64_microsoft.windows.common-controls_6595b64144ccf1df_6.0.26100.7309_none_3e05feeae336a044\COMCTL32.dll
0x00007ffd9a230000 - 0x00007ffd9a2d9000 	C:\WINDOWS\System32\msvcrt.dll
0x00007ffd9b000000 - 0x00007ffd9b031000 	C:\WINDOWS\System32\IMM32.DLL
0x00007ffd90060000 - 0x00007ffd9006c000 	c:\Users\CEP-TARDA\.vscode\extensions\redhat.java-1.53.0-win32-x64\jre\21.0.10-win32-x86_64\bin\vcruntime140_1.dll
0x00007ffd68db0000 - 0x00007ffd68e3d000 	c:\Users\CEP-TARDA\.vscode\extensions\redhat.java-1.53.0-win32-x64\jre\21.0.10-win32-x86_64\bin\msvcp140.dll
0x00007ffcae3e0000 - 0x00007ffcaf181000 	c:\Users\CEP-TARDA\.vscode\extensions\redhat.java-1.53.0-win32-x64\jre\21.0.10-win32-x86_64\bin\server\jvm.dll
0x00007ffd9a2e0000 - 0x00007ffd9a394000 	C:\WINDOWS\System32\ADVAPI32.dll
0x00007ffd9af50000 - 0x00007ffd9aff6000 	C:\WINDOWS\System32\sechost.dll
0x00007ffd99f60000 - 0x00007ffd9a078000 	C:\WINDOWS\System32\RPCRT4.dll
0x00007ffd99c40000 - 0x00007ffd99cb4000 	C:\WINDOWS\System32\WS2_32.dll
0x00007ffd98390000 - 0x00007ffd983ee000 	C:\WINDOWS\SYSTEM32\POWRPROF.dll
0x00007ffd83410000 - 0x00007ffd83445000 	C:\WINDOWS\SYSTEM32\WINMM.dll
0x00007ffd85520000 - 0x00007ffd8552b000 	C:\WINDOWS\SYSTEM32\VERSION.dll
0x00007ffd98370000 - 0x00007ffd98384000 	C:\WINDOWS\SYSTEM32\UMPDC.dll
0x00007ffd972a0000 - 0x00007ffd972bb000 	C:\WINDOWS\SYSTEM32\kernel.appcore.dll
0x00007ffd88fb0000 - 0x00007ffd88fba000 	c:\Users\CEP-TARDA\.vscode\extensions\redhat.java-1.53.0-win32-x64\jre\21.0.10-win32-x86_64\bin\jimage.dll
0x00007ffd92b80000 - 0x00007ffd92dc2000 	C:\WINDOWS\SYSTEM32\DBGHELP.DLL
0x00007ffd99890000 - 0x00007ffd99c15000 	C:\WINDOWS\System32\combase.dll
0x00007ffd9b040000 - 0x00007ffd9b116000 	C:\WINDOWS\System32\OLEAUT32.dll
0x00007ffd81c40000 - 0x00007ffd81c7c000 	C:\WINDOWS\SYSTEM32\dbgcore.DLL
0x00007ffd98a10000 - 0x00007ffd98ab5000 	C:\WINDOWS\System32\bcryptPrimitives.dll
0x00007ffd871d0000 - 0x00007ffd871df000 	c:\Users\CEP-TARDA\.vscode\extensions\redhat.java-1.53.0-win32-x64\jre\21.0.10-win32-x86_64\bin\instrument.dll
0x00007ffd6e420000 - 0x00007ffd6e440000 	c:\Users\CEP-TARDA\.vscode\extensions\redhat.java-1.53.0-win32-x64\jre\21.0.10-win32-x86_64\bin\java.dll
0x00007ffd9a7f0000 - 0x00007ffd9af43000 	C:\WINDOWS\System32\SHELL32.dll
0x00007ffd98c10000 - 0x00007ffd98d7a000 	C:\WINDOWS\System32\wintypes.dll
0x00007ffd960f0000 - 0x00007ffd9694e000 	C:\WINDOWS\SYSTEM32\windows.storage.dll
0x00007ffd99180000 - 0x00007ffd99275000 	C:\WINDOWS\System32\SHCORE.dll
0x00007ffd9b120000 - 0x00007ffd9b186000 	C:\WINDOWS\System32\shlwapi.dll
0x00007ffd98450000 - 0x00007ffd98479000 	C:\WINDOWS\SYSTEM32\profapi.dll
0x00007ffd6e400000 - 0x00007ffd6e418000 	c:\Users\CEP-TARDA\.vscode\extensions\redhat.java-1.53.0-win32-x64\jre\21.0.10-win32-x86_64\bin\zip.dll
0x00007ffd86b90000 - 0x00007ffd86ba0000 	C:\Users\CEP-TARDA\.vscode\extensions\redhat.java-1.53.0-win32-x64\jre\21.0.10-win32-x86_64\bin\net.dll
0x00007ffd8d310000 - 0x00007ffd8d438000 	C:\WINDOWS\SYSTEM32\WINHTTP.dll
0x00007ffd977f0000 - 0x00007ffd9785b000 	C:\WINDOWS\system32\mswsock.dll
0x00007ffd614b0000 - 0x00007ffd614c6000 	C:\Users\CEP-TARDA\.vscode\extensions\redhat.java-1.53.0-win32-x64\jre\21.0.10-win32-x86_64\bin\nio.dll
0x00007ffd86c60000 - 0x00007ffd86c70000 	c:\Users\CEP-TARDA\.vscode\extensions\redhat.java-1.53.0-win32-x64\jre\21.0.10-win32-x86_64\bin\verify.dll
0x00007ffd87760000 - 0x00007ffd877a5000 	C:\Users\CEP-TARDA\AppData\Roaming\Code\User\globalStorage\redhat.java\1.53.0\config_win\org.eclipse.equinox.launcher\org.eclipse.equinox.launcher.win32.win32.x86_64_1.3.0.v20260203-2149\eclipse_11919.dll
0x00007ffd9b190000 - 0x00007ffd9b327000 	C:\WINDOWS\System32\ole32.dll
0x00007ffd97be0000 - 0x00007ffd97bfb000 	C:\WINDOWS\SYSTEM32\CRYPTSP.dll
0x00007ffd97200000 - 0x00007ffd9723a000 	C:\WINDOWS\system32\rsaenh.dll
0x00007ffd978a0000 - 0x00007ffd978cb000 	C:\WINDOWS\SYSTEM32\USERENV.dll
0x00007ffd98420000 - 0x00007ffd9844a000 	C:\WINDOWS\SYSTEM32\bcrypt.dll
0x00007ffd97a40000 - 0x00007ffd97a4c000 	C:\WINDOWS\SYSTEM32\CRYPTBASE.dll
0x00007ffd96c90000 - 0x00007ffd96cc4000 	C:\WINDOWS\SYSTEM32\IPHLPAPI.DLL
0x00007ffd9a1f0000 - 0x00007ffd9a1fa000 	C:\WINDOWS\System32\NSI.dll
0x00007ffd6f180000 - 0x00007ffd6f1c9000 	C:\Users\CEP-TARDA\AppData\Local\Temp\jna--1491780509\jna12529435452368642652.dll
0x00007ffd9a7e0000 - 0x00007ffd9a7e8000 	C:\WINDOWS\System32\PSAPI.DLL

JVMTI agents:
c:\Users\CEP-TARDA\.vscode\extensions\redhat.java-1.53.0-win32-x64\lombok\lombok-1.18.39-4050.jar path:c:\Users\CEP-TARDA\.vscode\extensions\redhat.java-1.53.0-win32-x64\jre\21.0.10-win32-x86_64\bin\instrument.dll, loaded, initialized, instrumentlib options:none

dbghelp: loaded successfully - version: 4.0.5 - missing functions: none
symbol engine: initialized successfully - sym options: 0x614 - pdb path: .;c:\Users\CEP-TARDA\.vscode\extensions\redhat.java-1.53.0-win32-x64\jre\21.0.10-win32-x86_64\bin;C:\WINDOWS\SYSTEM32;C:\WINDOWS\WinSxS\amd64_microsoft.windows.common-controls_6595b64144ccf1df_6.0.26100.7309_none_3e05feeae336a044;c:\Users\CEP-TARDA\.vscode\extensions\redhat.java-1.53.0-win32-x64\jre\21.0.10-win32-x86_64\bin\server;C:\Users\CEP-TARDA\AppData\Roaming\Code\User\globalStorage\redhat.java\1.53.0\config_win\org.eclipse.equinox.launcher\org.eclipse.equinox.launcher.win32.win32.x86_64_1.3.0.v20260203-2149;C:\Users\CEP-TARDA\AppData\Local\Temp\jna--1491780509

VM Arguments:
jvm_args: --add-modules=ALL-SYSTEM --add-opens=java.base/java.util=ALL-UNNAMED --add-opens=java.base/java.lang=ALL-UNNAMED --add-opens=java.base/sun.nio.fs=ALL-UNNAMED -Declipse.application=org.eclipse.jdt.ls.core.id1 -Dosgi.bundles.defaultStartLevel=4 -Declipse.product=org.eclipse.jdt.ls.core.product -Djava.import.generatesMetadataFilesAtProjectRoot=false -DDetectVMInstallationsJob.disabled=true -Dfile.encoding=utf8 -XX:+UseParallelGC -XX:GCTimeRatio=4 -XX:AdaptiveSizePolicyWeight=90 -Dsun.zip.disableMemoryMapping=true -Xmx2G -Xms100m -Xlog:disable -javaagent:c:\Users\CEP-TARDA\.vscode\extensions\redhat.java-1.53.0-win32-x64\lombok\lombok-1.18.39-4050.jar -XX:+HeapDumpOnOutOfMemoryError -XX:HeapDumpPath=c:\Users\CEP-TARDA\AppData\Roaming\Code\User\workspaceStorage\5c180c81332737a4f6b9b9d1a1b7e898\redhat.java -Daether.dependencyCollector.impl=bf 
java_command: c:\Users\CEP-TARDA\.vscode\extensions\redhat.java-1.53.0-win32-x64\server\plugins\org.eclipse.equinox.launcher_1.7.100.v20251111-0406.jar -configuration c:\Users\CEP-TARDA\AppData\Roaming\Code\User\globalStorage\redhat.java\1.53.0\config_win -data c:\Users\CEP-TARDA\AppData\Roaming\Code\User\workspaceStorage\5c180c81332737a4f6b9b9d1a1b7e898\redhat.java\jdt_ws --pipe=\\.\pipe\lsp-03a11ce0f6ca1276f9d7e7aa6f64416e-sock
java_class_path (initial): c:\Users\CEP-TARDA\.vscode\extensions\redhat.java-1.53.0-win32-x64\server\plugins\org.eclipse.equinox.launcher_1.7.100.v20251111-0406.jar
Launcher Type: SUN_STANDARD

[Global flags]
    uintx AdaptiveSizePolicyWeight                 = 90                                        {product} {command line}
     intx CICompilerCount                          = 4                                         {product} {ergonomic}
    uintx GCTimeRatio                              = 4                                         {product} {command line}
     bool HeapDumpOnOutOfMemoryError               = true                                   {manageable} {command line}
    ccstr HeapDumpPath                             = c:\Users\CEP-TARDA\AppData\Roaming\Code\User\workspaceStorage\5c180c81332737a4f6b9b9d1a1b7e898\redhat.java         {manageable} {command line}
   size_t InitialHeapSize                          = 104857600                                 {product} {command line}
   size_t MaxHeapSize                              = 2147483648                                {product} {command line}
   size_t MaxNewSize                               = 715653120                                 {product} {ergonomic}
   size_t MinHeapDeltaBytes                        = 524288                                    {product} {ergonomic}
   size_t MinHeapSize                              = 104857600                                 {product} {command line}
   size_t NewSize                                  = 34603008                                  {product} {ergonomic}
    uintx NonNMethodCodeHeapSize                   = 5839372                                {pd product} {ergonomic}
    uintx NonProfiledCodeHeapSize                  = 122909434                              {pd product} {ergonomic}
   size_t OldSize                                  = 70254592                                  {product} {ergonomic}
    uintx ProfiledCodeHeapSize                     = 122909434                              {pd product} {ergonomic}
    uintx ReservedCodeCacheSize                    = 251658240                              {pd product} {ergonomic}
     bool SegmentedCodeCache                       = true                                      {product} {ergonomic}
   size_t SoftMaxHeapSize                          = 2147483648                             {manageable} {ergonomic}
     bool UseCompressedOops                        = true                           {product lp64_product} {ergonomic}
     bool UseLargePagesIndividualAllocation        = false                                  {pd product} {ergonomic}
     bool UseParallelGC                            = true                                      {product} {command line}

Logging:
Log output configuration:
 #0: stdout all=off uptime,level,tags foldmultilines=false
 #1: stderr all=off uptime,level,tags foldmultilines=false

Release file:
JAVA_VERSION="21.0.10" 
MODULES="java.base java.compiler java.datatransfer java.xml java.prefs java.desktop java.instrument java.logging java.management java.security.sasl java.naming java.rmi java.management.rmi java.net.http java.scripting java.security.jgss java.transaction.xa java.sql java.sql.rowset java.xml.crypto java.se java.smartcardio jdk.accessibility jdk.internal.jvmstat jdk.attach jdk.charsets jdk.internal.opt jdk.zipfs jdk.compiler jdk.crypto.ec jdk.crypto.cryptoki jdk.crypto.mscapi jdk.dynalink jdk.internal.ed jdk.editpad jdk.hotspot.agent jdk.httpserver jdk.internal.le jdk.internal.vm.ci jdk.internal.vm.compiler jdk.internal.vm.compiler.management jdk.jartool jdk.javadoc jdk.jcmd jdk.management jdk.management.agent jdk.jconsole jdk.jdeps jdk.jdwp.agent jdk.jdi jdk.jfr jdk.jshell jdk.jsobject jdk.jstatd jdk.localedata jdk.management.jfr jdk.naming.dns jdk.naming.rmi jdk.net jdk.nio.mapmode jdk.random jdk.sctp jdk.security.auth jdk.security.jgss jdk.unsupported jdk.unsupported.desktop jdk.xml.dom" 

Environment Variables:
JAVA_HOME=C:\Program Files\Eclipse
PATH=C:\Users\CEP-TARDA\AppData\Local\Programs\Microsoft VS Code;%JAVA_HOME%\bin;C:\WINDOWS\system32;C:\WINDOWS;C:\WINDOWS\System32\Wbem;C:\WINDOWS\System32\WindowsPowerShell\v1.0\;C:\Program Files (x86)\Windows Live\Shared;C:\WINDOWS\System32\OpenSSH\;C:\Program Files\Microsoft SQL Server\Client SDK\ODBC\170\Tools\Binn\;C:\xampp\php;C:\composer;C:\Program Files (x86)\Microsoft SQL Server\160\Tools\Binn\;C:\Program Files\Microsoft SQL Server\160\Tools\Binn\;C:\Program Files\Microsoft SQL Server\160\DTS\Binn\;C:\Program Files\nodejs\;C:\Program Files\Git\cmd;C:\Program Files\Docker\Docker\resources\bin;C:\Users\CEP-TARDA\.local\bin;C:\Users\CEP-TARDA\AppData\Local\Programs\Eclipse Adoptium\jdk-17.0.18.8-hotspot\bin;C:\Users\CEP-TARDA\AppData\Local\Microsoft\WindowsApps;C:\Users\CEP-TARDA\AppData\Local\Programs\Microsoft VS Code\bin;C:\Users\CEP-TARDA\AppData\Roaming\Composer\vendor\bin;C:\Users\CEP-TARDA\AppData\Local\gitkraken\bin;C:\Users\CEP-TARDA\AppData\Local\GitHubDesktop\bin;C:\Users\CEP-TARDA\AppData\Local\Microsoft\WindowsApps;C:\Users\CEP-TARDA\AppData\Roaming\npm;C:\Users\CEP-TARDA\AppData\Local\PowerToys\DSCModules\;C:\Program Files\JetBrains\WebStorm 2025.3.2\bin;C:\Users\CEP-TARDA\AppData\Local\Programs\Antigravity\bin
USERNAME=CEP-TARDA
OS=Windows_NT
PROCESSOR_IDENTIFIER=Intel64 Family 6 Model 142 Stepping 12, GenuineIntel
TMP=C:\Users\CEP-TA~1\AppData\Local\Temp
TEMP=C:\Users\CEP-TA~1\AppData\Local\Temp




Periodic native trim disabled

---------------  S Y S T E M  ---------------

OS:
 Windows 11 , 64 bit Build 26100 (10.0.26100.7309)
OS uptime: 0 days 0:20 hours
Hyper-V role detected

CPU: total 8 (initial active 8) (4 cores per cpu, 2 threads per core) family 6 model 142 stepping 12 microcode 0xf4, cx8, cmov, fxsr, ht, mmx, 3dnowpref, sse, sse2, sse3, ssse3, sse4.1, sse4.2, popcnt, lzcnt, tsc, tscinvbit, avx, avx2, aes, erms, clmul, bmi1, bmi2, adx, fma, vzeroupper, clflush, clflushopt, hv, rdtscp, f16c
Processor Information for the first 8 processors :
  Max Mhz: 2101, Current Mhz: 1600, Mhz Limit: 1596

Memory: 4k page, system-wide physical 16177M (1555M free)
TotalPageFile size 17705M (AvailPageFile size 46M)
current process WorkingSet (physical memory assigned to process): 129M, peak: 146M
current process commit charge ("private bytes"): 268M, peak: 284M

vm_info: OpenJDK 64-Bit Server VM (21.0.10+7-LTS) for windows-amd64 JRE (21.0.10+7-LTS), built on 2026-01-20T00:00:00Z by "admin" with MS VC++ 17.12 (VS2022)

END.
